#-----------------------------------------------------------
# Vivado v2024.1 (64-bit)
# SW Build 5076996 on Wed May 22 18:37:14 MDT 2024
# IP Build 5075265 on Wed May 22 21:45:21 MDT 2024
# SharedData Build 5076995 on Wed May 22 18:29:18 MDT 2024
# Start of session at: Thu Jan 23 22:34:40 2025
# Process ID: 12536
# Current directory: C:/Users/gabri/OneDrive/Documentos/GitHub/G23SED/FPGA/GLOBAL_V1/ESTRUCTURAL_6/DISPLAY.runs/synth_1
# Command line: vivado.exe -log YAHTZEE.vds -product Vivado -mode batch -messageDb vivado.pb -notrace -source YAHTZEE.tcl
# Log file: C:/Users/gabri/OneDrive/Documentos/GitHub/G23SED/FPGA/GLOBAL_V1/ESTRUCTURAL_6/DISPLAY.runs/synth_1/YAHTZEE.vds
# Journal file: C:/Users/gabri/OneDrive/Documentos/GitHub/G23SED/FPGA/GLOBAL_V1/ESTRUCTURAL_6/DISPLAY.runs/synth_1\vivado.jou
# Running On        :LAPTOP-I6E0CIJ5
# Platform          :Windows Server 2016 or Windows 10
# Operating System  :19045
# Processor Detail  :Intel(R) Core(TM) i5-7300HQ CPU @ 2.50GHz
# CPU Frequency     :2496 MHz
# CPU Physical cores:4
# CPU Logical cores :4
# Host memory       :8467 MB
# Swap memory       :7797 MB
# Total Virtual     :16264 MB
# Available Virtual :3098 MB
#-----------------------------------------------------------
source YAHTZEE.tcl -notrace
