Archive member included to satisfy reference by file (symbol)

D:/STM32CubeIDE_1.16.1/STM32CubeIDE/plugins/com.st.stm32cube.ide.mcu.externaltools.gnu-tools-for-stm32.12.3.rel1.win32_1.1.0.202410251130/tools/bin/../lib/gcc/arm-none-eabi/12.3.1/../../../../arm-none-eabi/lib/thumb/v7e-m+fp/hard\libc_nano.a(libc_a-exit.o)
                              D:/STM32CubeIDE_1.16.1/STM32CubeIDE/plugins/com.st.stm32cube.ide.mcu.externaltools.gnu-tools-for-stm32.12.3.rel1.win32_1.1.0.202410251130/tools/bin/../lib/gcc/arm-none-eabi/12.3.1/../../../../arm-none-eabi/lib/thumb/v7e-m+fp/hard/crt0.o (exit)
D:/STM32CubeIDE_1.16.1/STM32CubeIDE/plugins/com.st.stm32cube.ide.mcu.externaltools.gnu-tools-for-stm32.12.3.rel1.win32_1.1.0.202410251130/tools/bin/../lib/gcc/arm-none-eabi/12.3.1/../../../../arm-none-eabi/lib/thumb/v7e-m+fp/hard\libc_nano.a(libc_a-malloc.o)
                              ./Middlewares/ST/STM32_USB_Host_Library/Class/MSC/Src/usbh_msc.o (malloc)
D:/STM32CubeIDE_1.16.1/STM32CubeIDE/plugins/com.st.stm32cube.ide.mcu.externaltools.gnu-tools-for-stm32.12.3.rel1.win32_1.1.0.202410251130/tools/bin/../lib/gcc/arm-none-eabi/12.3.1/../../../../arm-none-eabi/lib/thumb/v7e-m+fp/hard\libc_nano.a(libc_a-mallocr.o)
                              D:/STM32CubeIDE_1.16.1/STM32CubeIDE/plugins/com.st.stm32cube.ide.mcu.externaltools.gnu-tools-for-stm32.12.3.rel1.win32_1.1.0.202410251130/tools/bin/../lib/gcc/arm-none-eabi/12.3.1/../../../../arm-none-eabi/lib/thumb/v7e-m+fp/hard\libc_nano.a(libc_a-malloc.o) (_malloc_r)
D:/STM32CubeIDE_1.16.1/STM32CubeIDE/plugins/com.st.stm32cube.ide.mcu.externaltools.gnu-tools-for-stm32.12.3.rel1.win32_1.1.0.202410251130/tools/bin/../lib/gcc/arm-none-eabi/12.3.1/../../../../arm-none-eabi/lib/thumb/v7e-m+fp/hard\libc_nano.a(libc_a-mlock.o)
                              D:/STM32CubeIDE_1.16.1/STM32CubeIDE/plugins/com.st.stm32cube.ide.mcu.externaltools.gnu-tools-for-stm32.12.3.rel1.win32_1.1.0.202410251130/tools/bin/../lib/gcc/arm-none-eabi/12.3.1/../../../../arm-none-eabi/lib/thumb/v7e-m+fp/hard\libc_nano.a(libc_a-mallocr.o) (__malloc_lock)
D:/STM32CubeIDE_1.16.1/STM32CubeIDE/plugins/com.st.stm32cube.ide.mcu.externaltools.gnu-tools-for-stm32.12.3.rel1.win32_1.1.0.202410251130/tools/bin/../lib/gcc/arm-none-eabi/12.3.1/../../../../arm-none-eabi/lib/thumb/v7e-m+fp/hard\libc_nano.a(libc_a-findfp.o)
                              D:/STM32CubeIDE_1.16.1/STM32CubeIDE/plugins/com.st.stm32cube.ide.mcu.externaltools.gnu-tools-for-stm32.12.3.rel1.win32_1.1.0.202410251130/tools/bin/../lib/gcc/arm-none-eabi/12.3.1/../../../../arm-none-eabi/lib/thumb/v7e-m+fp/hard\libc_nano.a(libc_a-exit.o) (__stdio_exit_handler)
D:/STM32CubeIDE_1.16.1/STM32CubeIDE/plugins/com.st.stm32cube.ide.mcu.externaltools.gnu-tools-for-stm32.12.3.rel1.win32_1.1.0.202410251130/tools/bin/../lib/gcc/arm-none-eabi/12.3.1/../../../../arm-none-eabi/lib/thumb/v7e-m+fp/hard\libc_nano.a(libc_a-fwalk.o)
                              D:/STM32CubeIDE_1.16.1/STM32CubeIDE/plugins/com.st.stm32cube.ide.mcu.externaltools.gnu-tools-for-stm32.12.3.rel1.win32_1.1.0.202410251130/tools/bin/../lib/gcc/arm-none-eabi/12.3.1/../../../../arm-none-eabi/lib/thumb/v7e-m+fp/hard\libc_nano.a(libc_a-findfp.o) (_fwalk_sglue)
D:/STM32CubeIDE_1.16.1/STM32CubeIDE/plugins/com.st.stm32cube.ide.mcu.externaltools.gnu-tools-for-stm32.12.3.rel1.win32_1.1.0.202410251130/tools/bin/../lib/gcc/arm-none-eabi/12.3.1/../../../../arm-none-eabi/lib/thumb/v7e-m+fp/hard\libc_nano.a(libc_a-stdio.o)
                              D:/STM32CubeIDE_1.16.1/STM32CubeIDE/plugins/com.st.stm32cube.ide.mcu.externaltools.gnu-tools-for-stm32.12.3.rel1.win32_1.1.0.202410251130/tools/bin/../lib/gcc/arm-none-eabi/12.3.1/../../../../arm-none-eabi/lib/thumb/v7e-m+fp/hard\libc_nano.a(libc_a-findfp.o) (__sread)
D:/STM32CubeIDE_1.16.1/STM32CubeIDE/plugins/com.st.stm32cube.ide.mcu.externaltools.gnu-tools-for-stm32.12.3.rel1.win32_1.1.0.202410251130/tools/bin/../lib/gcc/arm-none-eabi/12.3.1/../../../../arm-none-eabi/lib/thumb/v7e-m+fp/hard\libc_nano.a(libc_a-memset.o)
                              D:/STM32CubeIDE_1.16.1/STM32CubeIDE/plugins/com.st.stm32cube.ide.mcu.externaltools.gnu-tools-for-stm32.12.3.rel1.win32_1.1.0.202410251130/tools/bin/../lib/gcc/arm-none-eabi/12.3.1/../../../../arm-none-eabi/lib/thumb/v7e-m+fp/hard/crt0.o (memset)
D:/STM32CubeIDE_1.16.1/STM32CubeIDE/plugins/com.st.stm32cube.ide.mcu.externaltools.gnu-tools-for-stm32.12.3.rel1.win32_1.1.0.202410251130/tools/bin/../lib/gcc/arm-none-eabi/12.3.1/../../../../arm-none-eabi/lib/thumb/v7e-m+fp/hard\libc_nano.a(libc_a-strncpy.o)
                              ./Core/Src/File_Handling.o (strncpy)
D:/STM32CubeIDE_1.16.1/STM32CubeIDE/plugins/com.st.stm32cube.ide.mcu.externaltools.gnu-tools-for-stm32.12.3.rel1.win32_1.1.0.202410251130/tools/bin/../lib/gcc/arm-none-eabi/12.3.1/../../../../arm-none-eabi/lib/thumb/v7e-m+fp/hard\libc_nano.a(libc_a-strstr.o)
                              ./Core/Src/File_Handling.o (strstr)
[...]
Memory Configuration

Name             Origin             Length             Attributes
CCMRAM           0x10000000         0x00010000         xrw
RAM              0x20000000         0x00020000         xrw
FLASH            0x08000000         0x00100000         xr
*default*        0x00000000         0xffffffff

Linker script and memory map

LOAD D:/STM32CubeIDE_1.16.1/STM32CubeIDE/plugins/com.st.stm32cube.ide.mcu.externaltools.gnu-tools-for-stm32.12.3.rel1.win32_1.1.0.202410251130/tools/bin/../lib/gcc/arm-none-eabi/12.3.1/thumb/v7e-m+fp/hard/crti.o
LOAD D:/STM32CubeIDE_1.16.1/STM32CubeIDE/plugins/com.st.stm32cube.ide.mcu.externaltools.gnu-tools-for-stm32.12.3.rel1.win32_1.1.0.202410251130/tools/bin/../lib/gcc/arm-none-eabi/12.3.1/thumb/v7e-m+fp/hard/crtbegin.o
LOAD D:/STM32CubeIDE_1.16.1/STM32CubeIDE/plugins/com.st.stm32cube.ide.mcu.externaltools.gnu-tools-for-stm32.12.3.rel1.win32_1.1.0.202410251130/tools/bin/../lib/gcc/arm-none-eabi/12.3.1/../../../../arm-none-eabi/lib/thumb/v7e-m+fp/hard/crt0.o
LOAD ./Core/Src/AUDIO.o
LOAD ./Core/Src/AUDIO_LINK.o
LOAD ./Core/Src/File_Handling.o
LOAD ./Core/Src/cs43l22.o
LOAD ./Core/Src/main.o
LOAD ./Core/Src/stm32f4xx_hal_msp.o
LOAD ./Core/Src/stm32f4xx_it.o
LOAD ./Core/Src/syscalls.o
LOAD ./Core/Src/sysmem.o
LOAD ./Core/Src/system_stm32f4xx.o
LOAD ./Core/Src/waveplayer.o
LOAD ./Core/Startup/startup_stm32f407vgtx.o
LOAD ./Drivers/STM32F4xx_HAL_Driver/Src/stm32f4xx_hal.o
LOAD ./Drivers/STM32F4xx_HAL_Driver/Src/stm32f4xx_hal_cortex.o
LOAD ./Drivers/STM32F4xx_HAL_Driver/Src/stm32f4xx_hal_dma.o
LOAD ./Drivers/STM32F4xx_HAL_Driver/Src/stm32f4xx_hal_dma_ex.o
LOAD ./Drivers/STM32F4xx_HAL_Driver/Src/stm32f4xx_hal_exti.o
LOAD ./Drivers/STM32F4xx_HAL_Driver/Src/stm32f4xx_hal_flash.o
LOAD ./Drivers/STM32F4xx_HAL_Driver/Src/stm32f4xx_hal_flash_ex.o
LOAD ./Drivers/STM32F4xx_HAL_Driver/Src/stm32f4xx_hal_flash_ramfunc.o
LOAD ./Drivers/STM32F4xx_HAL_Driver/Src/stm32f4xx_hal_gpio.o
LOAD ./Drivers/STM32F4xx_HAL_Driver/Src/stm32f4xx_hal_hcd.o
LOAD ./Drivers/STM32F4xx_HAL_Driver/Src/stm32f4xx_hal_i2c.o
LOAD ./Drivers/STM32F4xx_HAL_Driver/Src/stm32f4xx_hal_i2c_ex.o
LOAD ./Drivers/STM32F4xx_HAL_Driver/Src/stm32f4xx_hal_i2s.o
LOAD ./Drivers/STM32F4xx_HAL_Driver/Src/stm32f4xx_hal_i2s_ex.o
LOAD ./Drivers/STM32F4xx_HAL_Driver/Src/stm32f4xx_hal_pwr.o
LOAD ./Drivers/STM32F4xx_HAL_Driver/Src/stm32f4xx_hal_pwr_ex.o
LOAD ./Drivers/STM32F4xx_HAL_Driver/Src/stm32f4xx_hal_rcc.o
LOAD ./Drivers/STM32F4xx_HAL_Driver/Src/stm32f4xx_hal_rcc_ex.o
LOAD ./Drivers/STM32F4xx_HAL_Driver/Src/stm32f4xx_ll_usb.o
LOAD ./FATFS/App/fatfs.o
LOAD ./FATFS/Target/usbh_diskio.o
LOAD ./Middlewares/ST/STM32_USB_Host_Library/Class/MSC/Src/usbh_msc.o
LOAD ./Middlewares/ST/STM32_USB_Host_Library/Class/MSC/Src/usbh_msc_bot.o
LOAD ./Middlewares/ST/STM32_USB_Host_Library/Class/MSC/Src/usbh_msc_scsi.o
LOAD ./Middlewares/ST/STM32_USB_Host_Library/Core/Src/usbh_core.o
LOAD ./Middlewares/ST/STM32_USB_Host_Library/Core/Src/usbh_ctlreq.o
LOAD ./Middlewares/ST/STM32_USB_Host_Library/Core/Src/usbh_ioreq.o
LOAD ./Middlewares/ST/STM32_USB_Host_Library/Core/Src/usbh_pipes.o
LOAD ./Middlewares/Third_Party/FatFs/src/diskio.o
LOAD ./Middlewares/Third_Party/FatFs/src/ff.o
LOAD ./Middlewares/Third_Party/FatFs/src/ff_gen_drv.o
LOAD ./Middlewares/Third_Party/FatFs/src/option/ccsbcs.o
LOAD ./Middlewares/Third_Party/FatFs/src/option/syscall.o
LOAD ./USB_HOST/App/usb_host.o
LOAD ./USB_HOST/Target/usbh_conf.o
LOAD ./USB_HOST/Target/usbh_platform.o
START GROUP
LOAD D:/STM32CubeIDE_1.16.1/STM32CubeIDE/plugins/com.st.stm32cube.ide.mcu.externaltools.gnu-tools-for-stm32.12.3.rel1.win32_1.1.0.202410251130/tools/bin/../lib/gcc/arm-none-eabi/12.3.1/../../../../arm-none-eabi/lib/thumb/v7e-m+fp/hard\libc_nano.a
LOAD D:/STM32CubeIDE_1.16.1/STM32CubeIDE/plugins/com.st.stm32cube.ide.mcu.externaltools.gnu-tools-for-stm32.12.3.rel1.win32_1.1.0.202410251130/tools/bin/../lib/gcc/arm-none-eabi/12.3.1/../../../../arm-none-eabi/lib/thumb/v7e-m+fp/hard\libm.a
END GROUP
START GROUP
LOAD D:/STM32CubeIDE_1.16.1/STM32CubeIDE/plugins/com.st.stm32cube.ide.mcu.externaltools.gnu-tools-for-stm32.12.3.rel1.win32_1.1.0.202410251130/tools/bin/../lib/gcc/arm-none-eabi/12.3.1/thumb/v7e-m+fp/hard\libgcc.a
LOAD D:/STM32CubeIDE_1.16.1/STM32CubeIDE/plugins/com.st.stm32cube.ide.mcu.externaltools.gnu-tools-for-stm32.12.3.rel1.win32_1.1.0.202410251130/tools/bin/../lib/gcc/arm-none-eabi/12.3.1/../../../../arm-none-eabi/lib/thumb/v7e-m+fp/hard\libc_nano.a
END GROUP
START GROUP
LOAD D:/STM32CubeIDE_1.16.1/STM32CubeIDE/plugins/com.st.stm32cube.ide.mcu.externaltools.gnu-tools-for-stm32.12.3.rel1.win32_1.1.0.202410251130/tools/bin/../lib/gcc/arm-none-eabi/12.3.1/thumb/v7e-m+fp/hard\libgcc.a
LOAD D:/STM32CubeIDE_1.16.1/STM32CubeIDE/plugins/com.st.stm32cube.ide.mcu.externaltools.gnu-tools-for-stm32.12.3.rel1.win32_1.1.0.202410251130/tools/bin/../lib/gcc/arm-none-eabi/12.3.1/../../../../arm-none-eabi/lib/thumb/v7e-m+fp/hard\libc_nano.a
LOAD D:/STM32CubeIDE_1.16.1/STM32CubeIDE/plugins/com.st.stm32cube.ide.mcu.externaltools.gnu-tools-for-stm32.12.3.rel1.win32_1.1.0.202410251130/tools/bin/../lib/gcc/arm-none-eabi/12.3.1/../../../../arm-none-eabi/lib/thumb/v7e-m+fp/hard\libnosys.a
END GROUP
START GROUP
LOAD D:/STM32CubeIDE_1.16.1/STM32CubeIDE/plugins/com.st.stm32cube.ide.mcu.externaltools.gnu-tools-for-stm32.12.3.rel1.win32_1.1.0.202410251130/tools/bin/../lib/gcc/arm-none-eabi/12.3.1/thumb/v7e-m+fp/hard\libgcc.a
LOAD D:/STM32CubeIDE_1.16.1/STM32CubeIDE/plugins/com.st.stm32cube.ide.mcu.externaltools.gnu-tools-for-stm32.12.3.rel1.win32_1.1.0.202410251130/tools/bin/../lib/gcc/arm-none-eabi/12.3.1/../../../../arm-none-eabi/lib/thumb/v7e-m+fp/hard\libc_nano.a
LOAD D:/STM32CubeIDE_1.16.1/STM32CubeIDE/plugins/com.st.stm32cube.ide.mcu.externaltools.gnu-tools-for-stm32.12.3.rel1.win32_1.1.0.202410251130/tools/bin/../lib/gcc/arm-none-eabi/12.3.1/../../../../arm-none-eabi/lib/thumb/v7e-m+fp/hard\libnosys.a
END GROUP
LOAD D:/STM32CubeIDE_1.16.1/STM32CubeIDE/plugins/com.st.stm32cube.ide.mcu.externaltools.gnu-tools-for-stm32.12.3.rel1.win32_1.1.0.202410251130/tools/bin/../lib/gcc/arm-none-eabi/12.3.1/thumb/v7e-m+fp/hard/crtend.o
LOAD D:/STM32CubeIDE_1.16.1/STM32CubeIDE/plugins/com.st.stm32cube.ide.mcu.externaltools.gnu-tools-for-stm32.12.3.rel1.win32_1.1.0.202410251130/tools/bin/../lib/gcc/arm-none-eabi/12.3.1/thumb/v7e-m+fp/hard/crtn.o
                0x20020000                        _estack = (ORIGIN (RAM) + LENGTH (RAM))
                0x00000200                        _Min_Heap_Size = 0x200
                0x00000400                        _Min_Stack_Size = 0x400

.isr_vector     0x08000000      0x188
                0x08000000                        . = ALIGN (0x4)
 *(.isr_vector)
 .isr_vector    0x08000000      0x188 ./Core/Startup/startup_stm32f407vgtx.o
                0x08000000                g_pfnVectors
                0x08000188                        . = ALIGN (0x4)

.text           0x08000188    0x1058c
                0x08000188                        . = ALIGN (0x4)
 *(.text)
 .text          0x08000188       0x40 D:/STM32CubeIDE_1.16.1/STM32CubeIDE/plugins/com.st.stm32cube.ide.mcu.externaltools.gnu-tools-for-stm32.12.3.rel1.win32_1.1.0.202410251130/tools/bin/../lib/gcc/arm-none-eabi/12.3.1/thumb/v7e-m+fp/hard/crtbegin.o
 .text          0x080001c8       0x30 D:/STM32CubeIDE_1.16.1/STM32CubeIDE/plugins/com.st.stm32cube.ide.mcu.externaltools.gnu-tools-for-stm32.12.3.rel1.win32_1.1.0.202410251130/tools/bin/../lib/gcc/arm-none-eabi/12.3.1/thumb/v7e-m+fp/hard\libgcc.a(_aeabi_uldivmod.o)
                0x080001c8                __aeabi_uldivmod
 .text          0x080001f8      0x2bc D:/STM32CubeIDE_1.16.1/STM32CubeIDE/plugins/com.st.stm32cube.ide.mcu.externaltools.gnu-tools-for-stm32.12.3.rel1.win32_1.1.0.202410251130/tools/bin/../lib/gcc/arm-none-eabi/12.3.1/thumb/v7e-m+fp/hard\libgcc.a(_udivmoddi4.o)
                0x080001f8                __udivmoddi4
 .text          0x080004b4        0x4 D:/STM32CubeIDE_1.16.1/STM32CubeIDE/plugins/com.st.stm32cube.ide.mcu.externaltools.gnu-tools-for-stm32.12.3.rel1.win32_1.1.0.202410251130/tools/bin/../lib/gcc/arm-none-eabi/12.3.1/thumb/v7e-m+fp/hard\libgcc.a(_dvmd_tls.o)
                0x080004b4                __aeabi_idiv0
                0x080004b4                __aeabi_ldiv0
 *(.text*)
 .text.AUDIO_OUT_Init
                0x080004b8       0x9c ./Core/Src/AUDIO.o
                0x080004b8                AUDIO_OUT_Init
 .text.AUDIO_OUT_Play
                0x08000554       0x54 ./Core/Src/AUDIO.o
                0x08000554                AUDIO_OUT_Play
 .text.AUDIO_OUT_Pause
                0x080005a8       0x2c ./Core/Src/AUDIO.o
                0x080005a8                AUDIO_OUT_Pause
 .text.AUDIO_OUT_Resume
                0x080005d4       0x2c ./Core/Src/AUDIO.o
                0x080005d4                AUDIO_OUT_Resume
 .text.AUDIO_OUT_Stop
                0x08000600       0x50 ./Core/Src/AUDIO.o
                0x08000600                AUDIO_OUT_Stop
 .text.AUDIO_OUT_SetVolume
                0x08000650       0x30 ./Core/Src/AUDIO.o
                0x08000650                AUDIO_OUT_SetVolume
 .text.HAL_I2S_TxCpltCallback
                0x08000680       0x24 ./Core/Src/AUDIO.o
                0x08000680                HAL_I2S_TxCpltCallback
 .text.HAL_I2S_TxHalfCpltCallback
                0x080006a4       0x24 ./Core/Src/AUDIO.o
                0x080006a4                HAL_I2S_TxHalfCpltCallback
 .text.AUDIO_OUT_ClockConfig
                0x080006c8       0xbc ./Core/Src/AUDIO.o
                0x080006c8                AUDIO_OUT_ClockConfig
 .text.AUDIO_OUT_MspInit
                0x08000784      0x180 ./Core/Src/AUDIO.o
                0x08000784                AUDIO_OUT_MspInit
 .text.AUDIO_OUT_Error_CallBack
                0x08000904        0xe ./Core/Src/AUDIO.o
                0x08000904                AUDIO_OUT_Error_CallBack
 *fill*         0x08000912        0x2 
 .text.I2S3_Init
                0x08000914       0x70 ./Core/Src/AUDIO.o
 .text.HAL_I2S_ErrorCallback
                0x08000984       0x24 ./Core/Src/AUDIO.o
                0x08000984                HAL_I2S_ErrorCallback
 .text.I2Cx_Init
                0x080009a8       0x64 ./Core/Src/AUDIO_LINK.o
 .text.I2Cx_WriteData
                0x08000a0c       0x50 ./Core/Src/AUDIO_LINK.o
 .text.I2Cx_ReadData
                0x08000a5c       0x58 ./Core/Src/AUDIO_LINK.o
 .text.I2Cx_Error
                0x08000ab4       0x18 ./Core/Src/AUDIO_LINK.o
 .text.I2Cx_MspInit
                0x08000acc       0xac ./Core/Src/AUDIO_LINK.o
 .text.AUDIO_IO_Init
                0x08000b78       0x70 ./Core/Src/AUDIO_LINK.o
                0x08000b78                AUDIO_IO_Init
 .text.AUDIO_IO_DeInit
                0x08000be8        0xe ./Core/Src/AUDIO_LINK.o
                0x08000be8                AUDIO_IO_DeInit
 .text.AUDIO_IO_Write
                0x08000bf6       0x28 ./Core/Src/AUDIO_LINK.o
                0x08000bf6                AUDIO_IO_Write
 .text.AUDIO_IO_Read
                0x08000c1e       0x28 ./Core/Src/AUDIO_LINK.o
                0x08000c1e                AUDIO_IO_Read
 *fill*         0x08000c46        0x2 
 .text.AUDIO_StorageParse
                0x08000c48      0x140 ./Core/Src/File_Handling.o
                0x08000c48                AUDIO_StorageParse
 .text.AUDIO_GetWavObjectNumber
                0x08000d88       0x1c ./Core/Src/File_Handling.o
                0x08000d88                AUDIO_GetWavObjectNumber
 .text.Mount_USB
                0x08000da4       0x28 ./Core/Src/File_Handling.o
                0x08000da4                Mount_USB
 .text.cs43l22_Init
                0x08000dcc      0x1c8 ./Core/Src/cs43l22.o
                0x08000dcc                cs43l22_Init
 .text.cs43l22_DeInit
                0x08000f94        0xc ./Core/Src/cs43l22.o
                0x08000f94                cs43l22_DeInit
 .text.cs43l22_ReadID
                0x08000fa0       0x30 ./Core/Src/cs43l22.o
                0x08000fa0                cs43l22_ReadID
 .text.cs43l22_Play
                0x08000fd0       0x74 ./Core/Src/cs43l22.o
                0x08000fd0                cs43l22_Play
 .text.cs43l22_Pause
                0x08001044       0x42 ./Core/Src/cs43l22.o
                0x08001044                cs43l22_Pause
 *fill*         0x08001086        0x2 
 .text.cs43l22_Resume
                0x08001088       0x78 ./Core/Src/cs43l22.o
                0x08001088                cs43l22_Resume
 .text.cs43l22_Stop
                0x08001100       0x68 ./Core/Src/cs43l22.o
                0x08001100                cs43l22_Stop
 .text.cs43l22_SetVolume
                0x08001168       0xbc ./Core/Src/cs43l22.o
                0x08001168                cs43l22_SetVolume
 .text.cs43l22_SetFrequency
                0x08001224       0x1a ./Core/Src/cs43l22.o
                0x08001224                cs43l22_SetFrequency
 *fill*         0x0800123e        0x2 
 .text.cs43l22_SetMute
                0x08001240       0xbc ./Core/Src/cs43l22.o
                0x08001240                cs43l22_SetMute
 .text.cs43l22_SetOutputMode
                0x080012fc       0xe4 ./Core/Src/cs43l22.o
                0x080012fc                cs43l22_SetOutputMode
 .text.cs43l22_Reset
                0x080013e0       0x18 ./Core/Src/cs43l22.o
                0x080013e0                cs43l22_Reset
 .text.CODEC_IO_Write
                0x080013f8       0x2e ./Core/Src/cs43l22.o
 *fill*         0x08001426        0x2 
 .text.HAL_GPIO_EXTI_Callback
                0x08001428       0x3c ./Core/Src/main.o
                0x08001428                HAL_GPIO_EXTI_Callback
 .text.main     0x08001464       0x68 ./Core/Src/main.o
                0x08001464                main
 .text.SystemClock_Config
                0x080014cc       0xd4 ./Core/Src/main.o
                0x080014cc                SystemClock_Config
 .text.MX_I2C1_Init
                0x080015a0       0x5c ./Core/Src/main.o
 .text.MX_I2S3_Init
                0x080015fc       0x5c ./Core/Src/main.o
 .text.MX_DMA_Init
                0x08001658       0x40 ./Core/Src/main.o
 .text.MX_GPIO_Init
                0x08001698       0xec ./Core/Src/main.o
 .text.Error_Handler
                0x08001784        0xc ./Core/Src/main.o
                0x08001784                Error_Handler
 .text.HAL_MspInit
                0x08001790       0x50 ./Core/Src/stm32f4xx_hal_msp.o
                0x08001790                HAL_MspInit
 .text.HAL_I2C_MspInit
                0x080017e0       0x90 ./Core/Src/stm32f4xx_hal_msp.o
                0x080017e0                HAL_I2C_MspInit
 .text.HAL_I2C_MspDeInit
                0x08001870       0x44 ./Core/Src/stm32f4xx_hal_msp.o
                0x08001870                HAL_I2C_MspDeInit
 .text.HAL_I2S_MspInit
                0x080018b4      0x17c ./Core/Src/stm32f4xx_hal_msp.o
                0x080018b4                HAL_I2S_MspInit
 .text.NMI_Handler
                0x08001a30        0x8 ./Core/Src/stm32f4xx_it.o
                0x08001a30                NMI_Handler
 .text.HardFault_Handler
                0x08001a38        0x8 ./Core/Src/stm32f4xx_it.o
                0x08001a38                HardFault_Handler
 .text.MemManage_Handler
                0x08001a40        0x8 ./Core/Src/stm32f4xx_it.o
                0x08001a40                MemManage_Handler
 .text.BusFault_Handler
                0x08001a48        0x8 ./Core/Src/stm32f4xx_it.o
                0x08001a48                BusFault_Handler
 .text.UsageFault_Handler
                0x08001a50        0x8 ./Core/Src/stm32f4xx_it.o
                0x08001a50                UsageFault_Handler
 .text.SVC_Handler
                0x08001a58        0xe ./Core/Src/stm32f4xx_it.o
                0x08001a58                SVC_Handler
 .text.DebugMon_Handler
                0x08001a66        0xe ./Core/Src/stm32f4xx_it.o
                0x08001a66                DebugMon_Handler
 .text.PendSV_Handler
                0x08001a74        0xe ./Core/Src/stm32f4xx_it.o
                0x08001a74                PendSV_Handler
 .text.SysTick_Handler
                0x08001a82        0xc ./Core/Src/stm32f4xx_it.o
                0x08001a82                SysTick_Handler
 .text.EXTI0_IRQHandler
                0x08001a8e        0xe ./Core/Src/stm32f4xx_it.o
                0x08001a8e                EXTI0_IRQHandler
 .text.DMA1_Stream5_IRQHandler
                0x08001a9c       0x14 ./Core/Src/stm32f4xx_it.o
                0x08001a9c                DMA1_Stream5_IRQHandler
 .text.OTG_FS_IRQHandler
                0x08001ab0       0x14 ./Core/Src/stm32f4xx_it.o
                0x08001ab0                OTG_FS_IRQHandler
 .text._sbrk    0x08001ac4       0x6c ./Core/Src/sysmem.o
                0x08001ac4                _sbrk
 .text.SystemInit
                0x08001b30       0x24 ./Core/Src/system_stm32f4xx.o
                0x08001b30                SystemInit
 .text.PlayerInit
                0x08001b54       0x30 ./Core/Src/waveplayer.o
                0x08001b54                PlayerInit
 .text.AUDIO_PLAYER_Start
                0x08001b84       0xc0 ./Core/Src/waveplayer.o
                0x08001b84                AUDIO_PLAYER_Start
 .text.AUDIO_PLAYER_Process
                0x08001c44      0x234 ./Core/Src/waveplayer.o
                0x08001c44                AUDIO_PLAYER_Process
 .text.AUDIO_OUT_TransferComplete_CallBack
                0x08001e78       0x28 ./Core/Src/waveplayer.o
                0x08001e78                AUDIO_OUT_TransferComplete_CallBack
 .text.AUDIO_OUT_HalfTransfer_CallBack
                0x08001ea0       0x28 ./Core/Src/waveplayer.o
                0x08001ea0                AUDIO_OUT_HalfTransfer_CallBack
 .text.Reset_Handler
                0x08001ec8       0x50 ./Core/Startup/startup_stm32f407vgtx.o
                0x08001ec8                Reset_Handler
 .text.Default_Handler
                0x08001f18        0x2 ./Core/Startup/startup_stm32f407vgtx.o
                0x08001f18                RTC_Alarm_IRQHandler
                0x08001f18                HASH_RNG_IRQHandler
                0x08001f18                EXTI2_IRQHandler
                0x08001f18                TIM8_CC_IRQHandler
                0x08001f18                TIM1_CC_IRQHandler
                0x08001f18                DMA2_Stream5_IRQHandler
                0x08001f18                PVD_IRQHandler
                0x08001f18                SDIO_IRQHandler
                0x08001f18                TAMP_STAMP_IRQHandler
                0x08001f18                CAN2_RX1_IRQHandler
                0x08001f18                EXTI3_IRQHandler
                0x08001f18                TIM8_TRG_COM_TIM14_IRQHandler
                0x08001f18                TIM1_UP_TIM10_IRQHandler
                0x08001f18                TIM8_UP_TIM13_IRQHandler
                0x08001f18                I2C3_ER_IRQHandler
                0x08001f18                I2C2_EV_IRQHandler
                0x08001f18                DMA1_Stream2_IRQHandler
                0x08001f18                CAN1_RX0_IRQHandler
                0x08001f18                FPU_IRQHandler
                0x08001f18                OTG_HS_WKUP_IRQHandler
                0x08001f18                CAN2_SCE_IRQHandler
                0x08001f18                DMA2_Stream2_IRQHandler
                0x08001f18                SPI1_IRQHandler
                0x08001f18                TIM6_DAC_IRQHandler
                0x08001f18                TIM1_BRK_TIM9_IRQHandler
                0x08001f18                DCMI_IRQHandler
                0x08001f18                CAN2_RX0_IRQHandler
                0x08001f18                DMA2_Stream3_IRQHandler
                0x08001f18                USART6_IRQHandler
                0x08001f18                USART3_IRQHandler
                0x08001f18                CAN1_RX1_IRQHandler
                0x08001f18                UART5_IRQHandler
                0x08001f18                DMA2_Stream0_IRQHandler
                0x08001f18                TIM4_IRQHandler
                0x08001f18                I2C1_EV_IRQHandler
                0x08001f18                DMA1_Stream6_IRQHandler
                0x08001f18                DMA1_Stream1_IRQHandler
                0x08001f18                UART4_IRQHandler
                0x08001f18                TIM3_IRQHandler
                0x08001f18                RCC_IRQHandler
                0x08001f18                TIM8_BRK_TIM12_IRQHandler
                0x08001f18                Default_Handler
                0x08001f18                EXTI15_10_IRQHandler
                0x08001f18                ADC_IRQHandler
                0x08001f18                DMA1_Stream7_IRQHandler
                0x08001f18                TIM7_IRQHandler
                0x08001f18                CAN2_TX_IRQHandler
                0x08001f18                TIM5_IRQHandler
                0x08001f18                DMA2_Stream7_IRQHandler
                0x08001f18                I2C3_EV_IRQHandler
                0x08001f18                EXTI9_5_IRQHandler
                0x08001f18                RTC_WKUP_IRQHandler
                0x08001f18                ETH_WKUP_IRQHandler
                0x08001f18                SPI2_IRQHandler
                0x08001f18                OTG_HS_EP1_IN_IRQHandler
                0x08001f18                DMA1_Stream0_IRQHandler
                0x08001f18                CAN1_TX_IRQHandler
                0x08001f18                EXTI4_IRQHandler
                0x08001f18                FSMC_IRQHandler
                0x08001f18                ETH_IRQHandler
                0x08001f18                OTG_HS_EP1_OUT_IRQHandler
                0x08001f18                WWDG_IRQHandler
                0x08001f18                TIM2_IRQHandler
                0x08001f18                OTG_FS_WKUP_IRQHandler
                0x08001f18                TIM1_TRG_COM_TIM11_IRQHandler
                0x08001f18                OTG_HS_IRQHandler
                0x08001f18                EXTI1_IRQHandler
                0x08001f18                USART2_IRQHandler
                0x08001f18                I2C2_ER_IRQHandler
                0x08001f18                DMA2_Stream1_IRQHandler
                0x08001f18                CAN1_SCE_IRQHandler
                0x08001f18                FLASH_IRQHandler
                0x08001f18                DMA2_Stream4_IRQHandler
                0x08001f18                USART1_IRQHandler
                0x08001f18                SPI3_IRQHandler
                0x08001f18                DMA1_Stream4_IRQHandler
                0x08001f18                I2C1_ER_IRQHandler
                0x08001f18                DMA2_Stream6_IRQHandler
                0x08001f18                DMA1_Stream3_IRQHandler
 *fill*         0x08001f1a        0x2 
 .text.HAL_Init
                0x08001f1c       0x44 ./Drivers/STM32F4xx_HAL_Driver/Src/stm32f4xx_hal.o
                0x08001f1c                HAL_Init
 .text.HAL_InitTick
                0x08001f60       0x60 ./Drivers/STM32F4xx_HAL_Driver/Src/stm32f4xx_hal.o
                0x08001f60                HAL_InitTick
 .text.HAL_IncTick
                0x08001fc0       0x28 ./Drivers/STM32F4xx_HAL_Driver/Src/stm32f4xx_hal.o
                0x08001fc0                HAL_IncTick
 .text.HAL_GetTick
                0x08001fe8       0x18 ./Drivers/STM32F4xx_HAL_Driver/Src/stm32f4xx_hal.o
                0x08001fe8                HAL_GetTick
 .text.HAL_Delay
                0x08002000       0x48 ./Drivers/STM32F4xx_HAL_Driver/Src/stm32f4xx_hal.o
                0x08002000                HAL_Delay
 .text.__NVIC_SetPriorityGrouping
                0x08002048       0x48 ./Drivers/STM32F4xx_HAL_Driver/Src/stm32f4xx_hal_cortex.o
 .text.__NVIC_GetPriorityGrouping
                0x08002090       0x1c ./Drivers/STM32F4xx_HAL_Driver/Src/stm32f4xx_hal_cortex.o
 .text.__NVIC_EnableIRQ
                0x080020ac       0x3c ./Drivers/STM32F4xx_HAL_Driver/Src/stm32f4xx_hal_cortex.o
 .text.__NVIC_SetPriority
                0x080020e8       0x54 ./Drivers/STM32F4xx_HAL_Driver/Src/stm32f4xx_hal_cortex.o
 .text.NVIC_EncodePriority
                0x0800213c       0x66 ./Drivers/STM32F4xx_HAL_Driver/Src/stm32f4xx_hal_cortex.o
 *fill*         0x080021a2        0x2 
 .text.SysTick_Config
                0x080021a4       0x44 ./Drivers/STM32F4xx_HAL_Driver/Src/stm32f4xx_hal_cortex.o
 .text.HAL_NVIC_SetPriorityGrouping
                0x080021e8       0x16 ./Drivers/STM32F4xx_HAL_Driver/Src/stm32f4xx_hal_cortex.o
                0x080021e8                HAL_NVIC_SetPriorityGrouping
 .text.HAL_NVIC_SetPriority
                0x080021fe       0x38 ./Drivers/STM32F4xx_HAL_Driver/Src/stm32f4xx_hal_cortex.o
                0x080021fe                HAL_NVIC_SetPriority
 .text.HAL_NVIC_EnableIRQ
                0x08002236       0x1c ./Drivers/STM32F4xx_HAL_Driver/Src/stm32f4xx_hal_cortex.o
                0x08002236                HAL_NVIC_EnableIRQ
 .text.HAL_SYSTICK_Config
                0x08002252       0x18 ./Drivers/STM32F4xx_HAL_Driver/Src/stm32f4xx_hal_cortex.o
                0x08002252                HAL_SYSTICK_Config
 *fill*         0x0800226a        0x2 
 .text.HAL_DMA_Init
                0x0800226c      0x15c ./Drivers/STM32F4xx_HAL_Driver/Src/stm32f4xx_hal_dma.o
                0x0800226c                HAL_DMA_Init
 .text.HAL_DMA_DeInit
                0x080023c8       0xbc ./Drivers/STM32F4xx_HAL_Driver/Src/stm32f4xx_hal_dma.o
                0x080023c8                HAL_DMA_DeInit
 .text.HAL_DMA_Start_IT
                0x08002484       0xb0 ./Drivers/STM32F4xx_HAL_Driver/Src/stm32f4xx_hal_dma.o
                0x08002484                HAL_DMA_Start_IT
 .text.HAL_DMA_Abort
                0x08002534       0xe0 ./Drivers/STM32F4xx_HAL_Driver/Src/stm32f4xx_hal_dma.o
                0x08002534                HAL_DMA_Abort
 .text.HAL_DMA_IRQHandler
                0x08002614      0x314 ./Drivers/STM32F4xx_HAL_Driver/Src/stm32f4xx_hal_dma.o
                0x08002614                HAL_DMA_IRQHandler
 .text.DMA_SetConfig
                0x08002928       0x5c ./Drivers/STM32F4xx_HAL_Driver/Src/stm32f4xx_hal_dma.o
 .text.DMA_CalcBaseAndBitshift
                0x08002984       0x6c ./Drivers/STM32F4xx_HAL_Driver/Src/stm32f4xx_hal_dma.o
 .text.DMA_CheckFifoParam
                0x080029f0       0xf8 ./Drivers/STM32F4xx_HAL_Driver/Src/stm32f4xx_hal_dma.o
 .text.HAL_GPIO_Init
                0x08002ae8      0x338 ./Drivers/STM32F4xx_HAL_Driver/Src/stm32f4xx_hal_gpio.o
                0x08002ae8                HAL_GPIO_Init
 .text.HAL_GPIO_DeInit
                0x08002e20      0x1f8 ./Drivers/STM32F4xx_HAL_Driver/Src/stm32f4xx_hal_gpio.o
                0x08002e20                HAL_GPIO_DeInit
 .text.HAL_GPIO_WritePin
                0x08003018       0x32 ./Drivers/STM32F4xx_HAL_Driver/Src/stm32f4xx_hal_gpio.o
                0x08003018                HAL_GPIO_WritePin
 *fill*         0x0800304a        0x2 
 .text.HAL_GPIO_EXTI_IRQHandler
                0x0800304c       0x30 ./Drivers/STM32F4xx_HAL_Driver/Src/stm32f4xx_hal_gpio.o
                0x0800304c                HAL_GPIO_EXTI_IRQHandler
 .text.HAL_HCD_Init
                0x0800307c       0xce ./Drivers/STM32F4xx_HAL_Driver/Src/stm32f4xx_hal_hcd.o
                0x0800307c                HAL_HCD_Init
 .text.HAL_HCD_HC_Init
                0x0800314a      0x170 ./Drivers/STM32F4xx_HAL_Driver/Src/stm32f4xx_hal_hcd.o
                0x0800314a                HAL_HCD_HC_Init
 .text.HAL_HCD_HC_Halt
                0x080032ba       0x46 ./Drivers/STM32F4xx_HAL_Driver/Src/stm32f4xx_hal_hcd.o
                0x080032ba                HAL_HCD_HC_Halt
 .text.HAL_HCD_HC_SubmitRequest
                0x08003300      0x33c ./Drivers/STM32F4xx_HAL_Driver/Src/stm32f4xx_hal_hcd.o
                0x08003300                HAL_HCD_HC_SubmitRequest
 .text.HAL_HCD_IRQHandler
                0x0800363c      0x220 ./Drivers/STM32F4xx_HAL_Driver/Src/stm32f4xx_hal_hcd.o
                0x0800363c                HAL_HCD_IRQHandler
 .text.HAL_HCD_Start
                0x0800385c       0x46 ./Drivers/STM32F4xx_HAL_Driver/Src/stm32f4xx_hal_hcd.o
                0x0800385c                HAL_HCD_Start
 .text.HAL_HCD_Stop
                0x080038a2       0x3a ./Drivers/STM32F4xx_HAL_Driver/Src/stm32f4xx_hal_hcd.o
                0x080038a2                HAL_HCD_Stop
 .text.HAL_HCD_ResetPort
                0x080038dc       0x1c ./Drivers/STM32F4xx_HAL_Driver/Src/stm32f4xx_hal_hcd.o
                0x080038dc                HAL_HCD_ResetPort
 .text.HAL_HCD_HC_GetURBState
                0x080038f8       0x2a ./Drivers/STM32F4xx_HAL_Driver/Src/stm32f4xx_hal_hcd.o
                0x080038f8                HAL_HCD_HC_GetURBState
 .text.HAL_HCD_HC_GetXferCount
                0x08003922       0x2a ./Drivers/STM32F4xx_HAL_Driver/Src/stm32f4xx_hal_hcd.o
                0x08003922                HAL_HCD_HC_GetXferCount
 .text.HAL_HCD_GetCurrentFrame
                0x0800394c       0x1c ./Drivers/STM32F4xx_HAL_Driver/Src/stm32f4xx_hal_hcd.o
                0x0800394c                HAL_HCD_GetCurrentFrame
 .text.HAL_HCD_GetCurrentSpeed
                0x08003968       0x1c ./Drivers/STM32F4xx_HAL_Driver/Src/stm32f4xx_hal_hcd.o
                0x08003968                HAL_HCD_GetCurrentSpeed
 .text.HAL_HCD_HC_ClearHubInfo
                0x08003984       0x6a ./Drivers/STM32F4xx_HAL_Driver/Src/stm32f4xx_hal_hcd.o
                0x08003984                HAL_HCD_HC_ClearHubInfo
 .text.HCD_HC_IN_IRQHandler
                0x080039ee      0xcd2 ./Drivers/STM32F4xx_HAL_Driver/Src/stm32f4xx_hal_hcd.o
 .text.HCD_HC_OUT_IRQHandler
                0x080046c0      0x97e ./Drivers/STM32F4xx_HAL_Driver/Src/stm32f4xx_hal_hcd.o
 .text.HCD_RXQLVL_IRQHandler
                0x0800503e      0x1be ./Drivers/STM32F4xx_HAL_Driver/Src/stm32f4xx_hal_hcd.o
 .text.HCD_Port_IRQHandler
                0x080051fc       0xe6 ./Drivers/STM32F4xx_HAL_Driver/Src/stm32f4xx_hal_hcd.o
 *fill*         0x080052e2        0x2 
 .text.HAL_I2C_Init
                0x080052e4      0x288 ./Drivers/STM32F4xx_HAL_Driver/Src/stm32f4xx_hal_i2c.o
                0x080052e4                HAL_I2C_Init
 .text.HAL_I2C_DeInit
                0x0800556c       0x5e ./Drivers/STM32F4xx_HAL_Driver/Src/stm32f4xx_hal_i2c.o
                0x0800556c                HAL_I2C_DeInit
 *fill*         0x080055ca        0x2 
 .text.HAL_I2C_Mem_Write
                0x080055cc      0x1f4 ./Drivers/STM32F4xx_HAL_Driver/Src/stm32f4xx_hal_i2c.o
                0x080055cc                HAL_I2C_Mem_Write
 .text.HAL_I2C_Mem_Read
                0x080057c0      0x464 ./Drivers/STM32F4xx_HAL_Driver/Src/stm32f4xx_hal_i2c.o
                0x080057c0                HAL_I2C_Mem_Read
 .text.HAL_I2C_GetState
                0x08005c24       0x1c ./Drivers/STM32F4xx_HAL_Driver/Src/stm32f4xx_hal_i2c.o
                0x08005c24                HAL_I2C_GetState
 .text.I2C_RequestMemoryWrite
                0x08005c40      0x12c ./Drivers/STM32F4xx_HAL_Driver/Src/stm32f4xx_hal_i2c.o
 .text.I2C_RequestMemoryRead
                0x08005d6c      0x1d0 ./Drivers/STM32F4xx_HAL_Driver/Src/stm32f4xx_hal_i2c.o
 .text.I2C_WaitOnFlagUntilTimeout
                0x08005f3c       0xf4 ./Drivers/STM32F4xx_HAL_Driver/Src/stm32f4xx_hal_i2c.o
 .text.I2C_WaitOnMasterAddressFlagUntilTimeout
                0x08006030      0x140 ./Drivers/STM32F4xx_HAL_Driver/Src/stm32f4xx_hal_i2c.o
 .text.I2C_WaitOnTXEFlagUntilTimeout
                0x08006170       0x90 ./Drivers/STM32F4xx_HAL_Driver/Src/stm32f4xx_hal_i2c.o
 .text.I2C_WaitOnBTFFlagUntilTimeout
                0x08006200       0x90 ./Drivers/STM32F4xx_HAL_Driver/Src/stm32f4xx_hal_i2c.o
 .text.I2C_WaitOnRXNEFlagUntilTimeout
                0x08006290       0xba ./Drivers/STM32F4xx_HAL_Driver/Src/stm32f4xx_hal_i2c.o
 .text.I2C_IsAcknowledgeFailed
                0x0800634a       0x5e ./Drivers/STM32F4xx_HAL_Driver/Src/stm32f4xx_hal_i2c.o
 .text.HAL_I2S_Init
                0x080063a8      0x280 ./Drivers/STM32F4xx_HAL_Driver/Src/stm32f4xx_hal_i2s.o
                0x080063a8                HAL_I2S_Init
 .text.HAL_I2S_Transmit_DMA
                0x08006628      0x148 ./Drivers/STM32F4xx_HAL_Driver/Src/stm32f4xx_hal_i2s.o
                0x08006628                HAL_I2S_Transmit_DMA
 .text.HAL_I2S_DMAPause
                0x08006770       0xc4 ./Drivers/STM32F4xx_HAL_Driver/Src/stm32f4xx_hal_i2s.o
                0x08006770                HAL_I2S_DMAPause
 .text.HAL_I2S_DMAResume
                0x08006834      0x128 ./Drivers/STM32F4xx_HAL_Driver/Src/stm32f4xx_hal_i2s.o
                0x08006834                HAL_I2S_DMAResume
 .text.HAL_I2S_DMAStop
                0x0800695c      0x3b4 ./Drivers/STM32F4xx_HAL_Driver/Src/stm32f4xx_hal_i2s.o
                0x0800695c                HAL_I2S_DMAStop
 .text.HAL_I2S_RxCpltCallback
                0x08006d10       0x14 ./Drivers/STM32F4xx_HAL_Driver/Src/stm32f4xx_hal_i2s.o
                0x08006d10                HAL_I2S_RxCpltCallback
 .text.HAL_I2S_GetState
                0x08006d24       0x1c ./Drivers/STM32F4xx_HAL_Driver/Src/stm32f4xx_hal_i2s.o
                0x08006d24                HAL_I2S_GetState
 .text.I2S_DMATxCplt
                0x08006d40       0x42 ./Drivers/STM32F4xx_HAL_Driver/Src/stm32f4xx_hal_i2s.o
 .text.I2S_DMATxHalfCplt
                0x08006d82       0x1c ./Drivers/STM32F4xx_HAL_Driver/Src/stm32f4xx_hal_i2s.o
 .text.I2S_DMAError
                0x08006d9e       0x4c ./Drivers/STM32F4xx_HAL_Driver/Src/stm32f4xx_hal_i2s.o
 .text.I2S_Transmit_IT
                0x08006dea       0x5c ./Drivers/STM32F4xx_HAL_Driver/Src/stm32f4xx_hal_i2s.o
 .text.I2S_Receive_IT
                0x08006e46       0x5e ./Drivers/STM32F4xx_HAL_Driver/Src/stm32f4xx_hal_i2s.o
 .text.I2S_IRQHandler
                0x08006ea4      0x114 ./Drivers/STM32F4xx_HAL_Driver/Src/stm32f4xx_hal_i2s.o
 .text.I2S_WaitFlagStateUntilTimeout
                0x08006fb8       0x72 ./Drivers/STM32F4xx_HAL_Driver/Src/stm32f4xx_hal_i2s.o
 *fill*         0x0800702a        0x2 
 .text.HAL_I2SEx_FullDuplex_IRQHandler
                0x0800702c      0x2a8 ./Drivers/STM32F4xx_HAL_Driver/Src/stm32f4xx_hal_i2s_ex.o
                0x0800702c                HAL_I2SEx_FullDuplex_IRQHandler
 .text.HAL_I2SEx_TxRxCpltCallback
                0x080072d4       0x14 ./Drivers/STM32F4xx_HAL_Driver/Src/stm32f4xx_hal_i2s_ex.o
                0x080072d4                HAL_I2SEx_TxRxCpltCallback
 .text.I2SEx_TxISR_I2S
                0x080072e8       0x62 ./Drivers/STM32F4xx_HAL_Driver/Src/stm32f4xx_hal_i2s_ex.o
 *fill*         0x0800734a        0x2 
 .text.I2SEx_TxISR_I2SExt
                0x0800734c       0x98 ./Drivers/STM32F4xx_HAL_Driver/Src/stm32f4xx_hal_i2s_ex.o
 .text.I2SEx_RxISR_I2S
                0x080073e4       0x64 ./Drivers/STM32F4xx_HAL_Driver/Src/stm32f4xx_hal_i2s_ex.o
 .text.I2SEx_RxISR_I2SExt
                0x08007448       0x98 ./Drivers/STM32F4xx_HAL_Driver/Src/stm32f4xx_hal_i2s_ex.o
 .text.HAL_RCC_OscConfig
                0x080074e0      0x4f0 ./Drivers/STM32F4xx_HAL_Driver/Src/stm32f4xx_hal_rcc.o
                0x080074e0                HAL_RCC_OscConfig
 .text.HAL_RCC_ClockConfig
                0x080079d0      0x1cc ./Drivers/STM32F4xx_HAL_Driver/Src/stm32f4xx_hal_rcc.o
                0x080079d0                HAL_RCC_ClockConfig
 .text.HAL_RCC_GetSysClockFreq
                0x08007b9c      0x20c ./Drivers/STM32F4xx_HAL_Driver/Src/stm32f4xx_hal_rcc.o
                0x08007b9c                HAL_RCC_GetSysClockFreq
 .text.HAL_RCC_GetHCLKFreq
                0x08007da8       0x18 ./Drivers/STM32F4xx_HAL_Driver/Src/stm32f4xx_hal_rcc.o
                0x08007da8                HAL_RCC_GetHCLKFreq
 .text.HAL_RCC_GetPCLK1Freq
                0x08007dc0       0x28 ./Drivers/STM32F4xx_HAL_Driver/Src/stm32f4xx_hal_rcc.o
                0x08007dc0                HAL_RCC_GetPCLK1Freq
 .text.HAL_RCCEx_PeriphCLKConfig
                0x08007de8      0x1c4 ./Drivers/STM32F4xx_HAL_Driver/Src/stm32f4xx_hal_rcc_ex.o
                0x08007de8                HAL_RCCEx_PeriphCLKConfig
 .text.HAL_RCCEx_GetPeriphCLKConfig
                0x08007fac       0x58 ./Drivers/STM32F4xx_HAL_Driver/Src/stm32f4xx_hal_rcc_ex.o
                0x08007fac                HAL_RCCEx_GetPeriphCLKConfig
 .text.HAL_RCCEx_GetPeriphCLKFreq
                0x08008004       0xc0 ./Drivers/STM32F4xx_HAL_Driver/Src/stm32f4xx_hal_rcc_ex.o
                0x08008004                HAL_RCCEx_GetPeriphCLKFreq
 .text.USB_CoreInit
                0x080080c4       0xc8 ./Drivers/STM32F4xx_HAL_Driver/Src/stm32f4xx_ll_usb.o
                0x080080c4                USB_CoreInit
 .text.USB_EnableGlobalInt
                0x0800818c       0x22 ./Drivers/STM32F4xx_HAL_Driver/Src/stm32f4xx_ll_usb.o
                0x0800818c                USB_EnableGlobalInt
 .text.USB_DisableGlobalInt
                0x080081ae       0x22 ./Drivers/STM32F4xx_HAL_Driver/Src/stm32f4xx_ll_usb.o
                0x080081ae                USB_DisableGlobalInt
 .text.USB_SetCurrentMode
                0x080081d0       0x98 ./Drivers/STM32F4xx_HAL_Driver/Src/stm32f4xx_ll_usb.o
                0x080081d0                USB_SetCurrentMode
 .text.USB_FlushTxFifo
                0x08008268       0x64 ./Drivers/STM32F4xx_HAL_Driver/Src/stm32f4xx_ll_usb.o
                0x08008268                USB_FlushTxFifo
 .text.USB_FlushRxFifo
                0x080082cc       0x5c ./Drivers/STM32F4xx_HAL_Driver/Src/stm32f4xx_ll_usb.o
                0x080082cc                USB_FlushRxFifo
 .text.USB_WritePacket
                0x08008328       0x7c ./Drivers/STM32F4xx_HAL_Driver/Src/stm32f4xx_ll_usb.o
                0x08008328                USB_WritePacket
 .text.USB_ReadPacket
                0x080083a4       0xb0 ./Drivers/STM32F4xx_HAL_Driver/Src/stm32f4xx_ll_usb.o
                0x080083a4                USB_ReadPacket
 .text.USB_ReadInterrupts
                0x08008454       0x26 ./Drivers/STM32F4xx_HAL_Driver/Src/stm32f4xx_ll_usb.o
                0x08008454                USB_ReadInterrupts
 .text.USB_ReadChInterrupts
                0x0800847a       0x42 ./Drivers/STM32F4xx_HAL_Driver/Src/stm32f4xx_ll_usb.o
                0x0800847a                USB_ReadChInterrupts
 .text.USB_GetMode
                0x080084bc       0x1c ./Drivers/STM32F4xx_HAL_Driver/Src/stm32f4xx_ll_usb.o
                0x080084bc                USB_GetMode
 .text.USB_CoreReset
                0x080084d8       0x62 ./Drivers/STM32F4xx_HAL_Driver/Src/stm32f4xx_ll_usb.o
 *fill*         0x0800853a        0x2 
 .text.USB_HostInit
                0x0800853c      0x188 ./Drivers/STM32F4xx_HAL_Driver/Src/stm32f4xx_ll_usb.o
                0x0800853c                USB_HostInit
 .text.USB_InitFSLSPClkSel
                0x080086c4       0x7a ./Drivers/STM32F4xx_HAL_Driver/Src/stm32f4xx_ll_usb.o
                0x080086c4                USB_InitFSLSPClkSel
 .text.USB_ResetPort
                0x0800873e       0x54 ./Drivers/STM32F4xx_HAL_Driver/Src/stm32f4xx_ll_usb.o
                0x0800873e                USB_ResetPort
 .text.USB_DriveVbus
                0x08008792       0x72 ./Drivers/STM32F4xx_HAL_Driver/Src/stm32f4xx_ll_usb.o
                0x08008792                USB_DriveVbus
 .text.USB_GetHostSpeed
                0x08008804       0x2e ./Drivers/STM32F4xx_HAL_Driver/Src/stm32f4xx_ll_usb.o
                0x08008804                USB_GetHostSpeed
 .text.USB_GetCurrentFrame
                0x08008832       0x22 ./Drivers/STM32F4xx_HAL_Driver/Src/stm32f4xx_ll_usb.o
                0x08008832                USB_GetCurrentFrame
 .text.USB_HC_Init
                0x08008854      0x258 ./Drivers/STM32F4xx_HAL_Driver/Src/stm32f4xx_ll_usb.o
                0x08008854                USB_HC_Init
 .text.USB_HC_StartXfer
                0x08008aac      0x4f4 ./Drivers/STM32F4xx_HAL_Driver/Src/stm32f4xx_ll_usb.o
                0x08008aac                USB_HC_StartXfer
 .text.USB_HC_ReadInterrupt
                0x08008fa0       0x22 ./Drivers/STM32F4xx_HAL_Driver/Src/stm32f4xx_ll_usb.o
                0x08008fa0                USB_HC_ReadInterrupt
 .text.USB_HC_Halt
                0x08008fc2      0x240 ./Drivers/STM32F4xx_HAL_Driver/Src/stm32f4xx_ll_usb.o
                0x08008fc2                USB_HC_Halt
 *fill*         0x08009202        0x2 
 .text.USB_DoPing
                0x08009204       0x78 ./Drivers/STM32F4xx_HAL_Driver/Src/stm32f4xx_ll_usb.o
                0x08009204                USB_DoPing
 .text.USB_StopHost
                0x0800927c      0x124 ./Drivers/STM32F4xx_HAL_Driver/Src/stm32f4xx_ll_usb.o
                0x0800927c                USB_StopHost
 .text.MX_FATFS_Init
                0x080093a0       0x24 ./FATFS/App/fatfs.o
                0x080093a0                MX_FATFS_Init
 .text.get_fattime
                0x080093c4       0x10 ./FATFS/App/fatfs.o
                0x080093c4                get_fattime
 .text.USBH_initialize
                0x080093d4       0x18 ./FATFS/Target/usbh_diskio.o
                0x080093d4                USBH_initialize
 .text.USBH_status
                0x080093ec       0x38 ./FATFS/Target/usbh_diskio.o
                0x080093ec                USBH_status
 .text.USBH_read
                0x08009424       0x74 ./FATFS/Target/usbh_diskio.o
                0x08009424                USBH_read
 .text.USBH_write
                0x08009498       0x84 ./FATFS/Target/usbh_diskio.o
                0x08009498                USBH_write
 .text.USBH_ioctl
                0x0800951c       0xd8 ./FATFS/Target/usbh_diskio.o
                0x0800951c                USBH_ioctl
 .text.USBH_MSC_InterfaceInit
                0x080095f4      0x244 ./Middlewares/ST/STM32_USB_Host_Library/Class/MSC/Src/usbh_msc.o
 .text.USBH_MSC_InterfaceDeInit
                0x08009838       0x8c ./Middlewares/ST/STM32_USB_Host_Library/Class/MSC/Src/usbh_msc.o
 .text.USBH_MSC_ClassRequest
                0x080098c4       0xce ./Middlewares/ST/STM32_USB_Host_Library/Class/MSC/Src/usbh_msc.o
 *fill*         0x08009992        0x2 
 .text.USBH_MSC_Process
                0x08009994      0x5ac ./Middlewares/ST/STM32_USB_Host_Library/Class/MSC/Src/usbh_msc.o
 .text.USBH_MSC_SOFProcess
                0x08009f40       0x16 ./Middlewares/ST/STM32_USB_Host_Library/Class/MSC/Src/usbh_msc.o
 .text.USBH_MSC_RdWrProcess
                0x08009f56      0x1a0 ./Middlewares/ST/STM32_USB_Host_Library/Class/MSC/Src/usbh_msc.o
 .text.USBH_MSC_UnitIsReady
                0x0800a0f6       0x56 ./Middlewares/ST/STM32_USB_Host_Library/Class/MSC/Src/usbh_msc.o
                0x0800a0f6                USBH_MSC_UnitIsReady
 .text.USBH_MSC_GetLUNInfo
                0x0800a14c       0x52 ./Middlewares/ST/STM32_USB_Host_Library/Class/MSC/Src/usbh_msc.o
                0x0800a14c                USBH_MSC_GetLUNInfo
 .text.USBH_MSC_Read
                0x0800a19e       0xc0 ./Middlewares/ST/STM32_USB_Host_Library/Class/MSC/Src/usbh_msc.o
                0x0800a19e                USBH_MSC_Read
 .text.USBH_MSC_Write
                0x0800a25e       0xc0 ./Middlewares/ST/STM32_USB_Host_Library/Class/MSC/Src/usbh_msc.o
                0x0800a25e                USBH_MSC_Write
 .text.USBH_MSC_BOT_REQ_Reset
                0x0800a31e       0x3a ./Middlewares/ST/STM32_USB_Host_Library/Class/MSC/Src/usbh_msc_bot.o
                0x0800a31e                USBH_MSC_BOT_REQ_Reset
 .text.USBH_MSC_BOT_REQ_GetMaxLUN
                0x0800a358       0x3c ./Middlewares/ST/STM32_USB_Host_Library/Class/MSC/Src/usbh_msc_bot.o
                0x0800a358                USBH_MSC_BOT_REQ_GetMaxLUN
 .text.USBH_MSC_BOT_Init
                0x0800a394       0x44 ./Middlewares/ST/STM32_USB_Host_Library/Class/MSC/Src/usbh_msc_bot.o
                0x0800a394                USBH_MSC_BOT_Init
 .text.USBH_MSC_BOT_Process
                0x0800a3d8      0x39c ./Middlewares/ST/STM32_USB_Host_Library/Class/MSC/Src/usbh_msc_bot.o
                0x0800a3d8                USBH_MSC_BOT_Process
 .text.USBH_MSC_BOT_Abort
                0x0800a774       0x58 ./Middlewares/ST/STM32_USB_Host_Library/Class/MSC/Src/usbh_msc_bot.o
 .text.USBH_MSC_DecodeCSW
                0x0800a7cc       0x88 ./Middlewares/ST/STM32_USB_Host_Library/Class/MSC/Src/usbh_msc_bot.o
 .text.USBH_MSC_SCSI_TestUnitReady
                0x0800a854       0x86 ./Middlewares/ST/STM32_USB_Host_Library/Class/MSC/Src/usbh_msc_scsi.o
                0x0800a854                USBH_MSC_SCSI_TestUnitReady
 .text.USBH_MSC_SCSI_ReadCapacity
                0x0800a8da       0xf4 ./Middlewares/ST/STM32_USB_Host_Library/Class/MSC/Src/usbh_msc_scsi.o
                0x0800a8da                USBH_MSC_SCSI_ReadCapacity
 .text.USBH_MSC_SCSI_Inquiry
                0x0800a9ce      0x14a ./Middlewares/ST/STM32_USB_Host_Library/Class/MSC/Src/usbh_msc_scsi.o
                0x0800a9ce                USBH_MSC_SCSI_Inquiry
 .text.USBH_MSC_SCSI_RequestSense
                0x0800ab18       0xfe ./Middlewares/ST/STM32_USB_Host_Library/Class/MSC/Src/usbh_msc_scsi.o
                0x0800ab18                USBH_MSC_SCSI_RequestSense
 .text.USBH_MSC_SCSI_Write
                0x0800ac16       0xe0 ./Middlewares/ST/STM32_USB_Host_Library/Class/MSC/Src/usbh_msc_scsi.o
                0x0800ac16                USBH_MSC_SCSI_Write
 .text.USBH_MSC_SCSI_Read
                0x0800acf6       0xe0 ./Middlewares/ST/STM32_USB_Host_Library/Class/MSC/Src/usbh_msc_scsi.o
                0x0800acf6                USBH_MSC_SCSI_Read
 .text.USBH_Init
                0x0800add6       0x74 ./Middlewares/ST/STM32_USB_Host_Library/Core/Src/usbh_core.o
                0x0800add6                USBH_Init
 .text.DeInitStateMachine
                0x0800ae4a       0xe6 ./Middlewares/ST/STM32_USB_Host_Library/Core/Src/usbh_core.o
 .text.USBH_RegisterClass
                0x0800af30       0x54 ./Middlewares/ST/STM32_USB_Host_Library/Core/Src/usbh_core.o
                0x0800af30                USBH_RegisterClass
 .text.USBH_SelectInterface
                0x0800af84       0x38 ./Middlewares/ST/STM32_USB_Host_Library/Core/Src/usbh_core.o
                0x0800af84                USBH_SelectInterface
 .text.USBH_FindInterface
                0x0800afbc       0x8c ./Middlewares/ST/STM32_USB_Host_Library/Core/Src/usbh_core.o
                0x0800afbc                USBH_FindInterface
 .text.USBH_Start
                0x0800b048       0x20 ./Middlewares/ST/STM32_USB_Host_Library/Core/Src/usbh_core.o
                0x0800b048                USBH_Start
 .text.USBH_Process
                0x0800b068      0x3d0 ./Middlewares/ST/STM32_USB_Host_Library/Core/Src/usbh_core.o
                0x0800b068                USBH_Process
 .text.USBH_HandleEnum
                0x0800b438      0x3c0 ./Middlewares/ST/STM32_USB_Host_Library/Core/Src/usbh_core.o
 .text.USBH_LL_SetTimer
                0x0800b7f8       0x1e ./Middlewares/ST/STM32_USB_Host_Library/Core/Src/usbh_core.o
                0x0800b7f8                USBH_LL_SetTimer
 .text.USBH_LL_IncTimer
                0x0800b816       0x24 ./Middlewares/ST/STM32_USB_Host_Library/Core/Src/usbh_core.o
                0x0800b816                USBH_LL_IncTimer
 .text.USBH_HandleSof
                0x0800b83a       0x30 ./Middlewares/ST/STM32_USB_Host_Library/Core/Src/usbh_core.o
 .text.USBH_LL_PortEnabled
                0x0800b86a       0x1c ./Middlewares/ST/STM32_USB_Host_Library/Core/Src/usbh_core.o
                0x0800b86a                USBH_LL_PortEnabled
 .text.USBH_LL_PortDisabled
                0x0800b886       0x1c ./Middlewares/ST/STM32_USB_Host_Library/Core/Src/usbh_core.o
                0x0800b886                USBH_LL_PortDisabled
 .text.USBH_LL_Connect
                0x0800b8a2       0x2e ./Middlewares/ST/STM32_USB_Host_Library/Core/Src/usbh_core.o
                0x0800b8a2                USBH_LL_Connect
 .text.USBH_LL_Disconnect
                0x0800b8d0       0x48 ./Middlewares/ST/STM32_USB_Host_Library/Core/Src/usbh_core.o
                0x0800b8d0                USBH_LL_Disconnect
 .text.USBH_Get_DevDesc
                0x0800b918       0x58 ./Middlewares/ST/STM32_USB_Host_Library/Core/Src/usbh_ctlreq.o
                0x0800b918                USBH_Get_DevDesc
 .text.USBH_Get_CfgDesc
                0x0800b970       0x54 ./Middlewares/ST/STM32_USB_Host_Library/Core/Src/usbh_ctlreq.o
                0x0800b970                USBH_Get_CfgDesc
 .text.USBH_Get_StringDesc
                0x0800b9c4       0x68 ./Middlewares/ST/STM32_USB_Host_Library/Core/Src/usbh_ctlreq.o
                0x0800b9c4                USBH_Get_StringDesc
 .text.USBH_GetDescriptor
                0x0800ba2c       0x6a ./Middlewares/ST/STM32_USB_Host_Library/Core/Src/usbh_ctlreq.o
                0x0800ba2c                USBH_GetDescriptor
 .text.USBH_SetAddress
                0x0800ba96       0x48 ./Middlewares/ST/STM32_USB_Host_Library/Core/Src/usbh_ctlreq.o
                0x0800ba96                USBH_SetAddress
 .text.USBH_SetCfg
                0x0800bade       0x46 ./Middlewares/ST/STM32_USB_Host_Library/Core/Src/usbh_ctlreq.o
                0x0800bade                USBH_SetCfg
 .text.USBH_SetFeature
                0x0800bb24       0x48 ./Middlewares/ST/STM32_USB_Host_Library/Core/Src/usbh_ctlreq.o
                0x0800bb24                USBH_SetFeature
 .text.USBH_ClrFeature
                0x0800bb6c       0x48 ./Middlewares/ST/STM32_USB_Host_Library/Core/Src/usbh_ctlreq.o
                0x0800bb6c                USBH_ClrFeature
 .text.USBH_ParseDevDesc
                0x0800bbb4      0x160 ./Middlewares/ST/STM32_USB_Host_Library/Core/Src/usbh_ctlreq.o
 .text.USBH_ParseCfgDesc
                0x0800bd14      0x1f0 ./Middlewares/ST/STM32_USB_Host_Library/Core/Src/usbh_ctlreq.o
 .text.USBH_ParseInterfaceDesc
                0x0800bf04       0x68 ./Middlewares/ST/STM32_USB_Host_Library/Core/Src/usbh_ctlreq.o
 .text.USBH_ParseEPDesc
                0x0800bf6c      0x1d0 ./Middlewares/ST/STM32_USB_Host_Library/Core/Src/usbh_ctlreq.o
 .text.USBH_ParseStringDesc
                0x0800c13c       0x66 ./Middlewares/ST/STM32_USB_Host_Library/Core/Src/usbh_ctlreq.o
 .text.USBH_GetNextDesc
                0x0800c1a2       0x34 ./Middlewares/ST/STM32_USB_Host_Library/Core/Src/usbh_ctlreq.o
                0x0800c1a2                USBH_GetNextDesc
 .text.USBH_CtlReq
                0x0800c1d6       0x7a ./Middlewares/ST/STM32_USB_Host_Library/Core/Src/usbh_ctlreq.o
                0x0800c1d6                USBH_CtlReq
 .text.USBH_HandleControl
                0x0800c250      0x2e8 ./Middlewares/ST/STM32_USB_Host_Library/Core/Src/usbh_ctlreq.o
 .text.USBH_CtlSendSetup
                0x0800c538       0x34 ./Middlewares/ST/STM32_USB_Host_Library/Core/Src/usbh_ioreq.o
                0x0800c538                USBH_CtlSendSetup
 .text.USBH_CtlSendData
                0x0800c56c       0x4a ./Middlewares/ST/STM32_USB_Host_Library/Core/Src/usbh_ioreq.o
                0x0800c56c                USBH_CtlSendData
 .text.USBH_CtlReceiveData
                0x0800c5b6       0x3c ./Middlewares/ST/STM32_USB_Host_Library/Core/Src/usbh_ioreq.o
                0x0800c5b6                USBH_CtlReceiveData
 .text.USBH_BulkSendData
                0x0800c5f2       0x4a ./Middlewares/ST/STM32_USB_Host_Library/Core/Src/usbh_ioreq.o
                0x0800c5f2                USBH_BulkSendData
 .text.USBH_BulkReceiveData
                0x0800c63c       0x3c ./Middlewares/ST/STM32_USB_Host_Library/Core/Src/usbh_ioreq.o
                0x0800c63c                USBH_BulkReceiveData
 .text.USBH_OpenPipe
                0x0800c678       0x3e ./Middlewares/ST/STM32_USB_Host_Library/Core/Src/usbh_pipes.o
                0x0800c678                USBH_OpenPipe
 .text.USBH_ClosePipe
                0x0800c6b6       0x20 ./Middlewares/ST/STM32_USB_Host_Library/Core/Src/usbh_pipes.o
                0x0800c6b6                USBH_ClosePipe
 .text.USBH_AllocPipe
                0x0800c6d6       0x42 ./Middlewares/ST/STM32_USB_Host_Library/Core/Src/usbh_pipes.o
                0x0800c6d6                USBH_AllocPipe
 .text.USBH_FreePipe
                0x0800c718       0x3c ./Middlewares/ST/STM32_USB_Host_Library/Core/Src/usbh_pipes.o
                0x0800c718                USBH_FreePipe
 .text.USBH_GetFreePipe
                0x0800c754       0x48 ./Middlewares/ST/STM32_USB_Host_Library/Core/Src/usbh_pipes.o
 .text.disk_status
                0x0800c79c       0x34 ./Middlewares/Third_Party/FatFs/src/diskio.o
                0x0800c79c                disk_status
 .text.disk_initialize
                0x0800c7d0       0x50 ./Middlewares/Third_Party/FatFs/src/diskio.o
                0x0800c7d0                disk_initialize
 .text.disk_read
                0x0800c820       0x40 ./Middlewares/Third_Party/FatFs/src/diskio.o
                0x0800c820                disk_read
 .text.disk_write
                0x0800c860       0x40 ./Middlewares/Third_Party/FatFs/src/diskio.o
                0x0800c860                disk_write
 .text.disk_ioctl
                0x0800c8a0       0x3c ./Middlewares/Third_Party/FatFs/src/diskio.o
                0x0800c8a0                disk_ioctl
 .text.ld_word  0x0800c8dc       0x30 ./Middlewares/Third_Party/FatFs/src/ff.o
 .text.ld_dword
                0x0800c90c       0x46 ./Middlewares/Third_Party/FatFs/src/ff.o
 .text.st_word  0x0800c952       0x36 ./Middlewares/Third_Party/FatFs/src/ff.o
 .text.st_dword
                0x0800c988       0x58 ./Middlewares/Third_Party/FatFs/src/ff.o
 .text.mem_cpy  0x0800c9e0       0x42 ./Middlewares/Third_Party/FatFs/src/ff.o
 .text.mem_set  0x0800ca22       0x36 ./Middlewares/Third_Party/FatFs/src/ff.o
 .text.mem_cmp  0x0800ca58       0x4e ./Middlewares/Third_Party/FatFs/src/ff.o
 .text.chk_chr  0x0800caa6       0x36 ./Middlewares/Third_Party/FatFs/src/ff.o
 .text.chk_lock
                0x0800cadc       0xb8 ./Middlewares/Third_Party/FatFs/src/ff.o
 .text.enq_lock
                0x0800cb94       0x44 ./Middlewares/Third_Party/FatFs/src/ff.o
 .text.inc_lock
                0x0800cbd8      0x11c ./Middlewares/Third_Party/FatFs/src/ff.o
 .text.dec_lock
                0x0800ccf4       0x78 ./Middlewares/Third_Party/FatFs/src/ff.o
 .text.clear_lock
                0x0800cd6c       0x48 ./Middlewares/Third_Party/FatFs/src/ff.o
 .text.sync_window
                0x0800cdb4       0x88 ./Middlewares/Third_Party/FatFs/src/ff.o
 .text.move_window
                0x0800ce3c       0x5a ./Middlewares/Third_Party/FatFs/src/ff.o
 *fill*         0x0800ce96        0x2 
 .text.sync_fs  0x0800ce98       0xdc ./Middlewares/Third_Party/FatFs/src/ff.o
 .text.clust2sect
                0x0800cf74       0x3e ./Middlewares/Third_Party/FatFs/src/ff.o
 .text.get_fat  0x0800cfb2      0x14e ./Middlewares/Third_Party/FatFs/src/ff.o
 .text.put_fat  0x0800d100      0x1d4 ./Middlewares/Third_Party/FatFs/src/ff.o
 .text.remove_chain
                0x0800d2d4       0xca ./Middlewares/Third_Party/FatFs/src/ff.o
 .text.create_chain
                0x0800d39e      0x130 ./Middlewares/Third_Party/FatFs/src/ff.o
 .text.clmt_clust
                0x0800d4ce       0x68 ./Middlewares/Third_Party/FatFs/src/ff.o
 .text.dir_sdi  0x0800d536       0xf6 ./Middlewares/Third_Party/FatFs/src/ff.o
 .text.dir_next
                0x0800d62c      0x18a ./Middlewares/Third_Party/FatFs/src/ff.o
 .text.dir_alloc
                0x0800d7b6       0x8e ./Middlewares/Third_Party/FatFs/src/ff.o
 .text.ld_clust
                0x0800d844       0x3e ./Middlewares/Third_Party/FatFs/src/ff.o
 .text.st_clust
                0x0800d882       0x40 ./Middlewares/Third_Party/FatFs/src/ff.o
 *fill*         0x0800d8c2        0x2 
 .text.cmp_lfn  0x0800d8c4       0xe0 ./Middlewares/Third_Party/FatFs/src/ff.o
 .text.pick_lfn
                0x0800d9a4       0xc8 ./Middlewares/Third_Party/FatFs/src/ff.o
 .text.put_lfn  0x0800da6c       0xd0 ./Middlewares/Third_Party/FatFs/src/ff.o
 .text.gen_numname
                0x0800db3c      0x11c ./Middlewares/Third_Party/FatFs/src/ff.o
 .text.sum_sfn  0x0800dc58       0x42 ./Middlewares/Third_Party/FatFs/src/ff.o
 .text.dir_read
                0x0800dc9a      0x14e ./Middlewares/Third_Party/FatFs/src/ff.o
 .text.dir_find
                0x0800dde8      0x180 ./Middlewares/Third_Party/FatFs/src/ff.o
 .text.dir_register
                0x0800df68      0x1f0 ./Middlewares/Third_Party/FatFs/src/ff.o
 .text.get_fileinfo
                0x0800e158      0x1bc ./Middlewares/Third_Party/FatFs/src/ff.o
 .text.create_name
                0x0800e314      0x370 ./Middlewares/Third_Party/FatFs/src/ff.o
 .text.follow_path
                0x0800e684       0xe2 ./Middlewares/Third_Party/FatFs/src/ff.o
 .text.get_ldnumber
                0x0800e766       0x88 ./Middlewares/Third_Party/FatFs/src/ff.o
 *fill*         0x0800e7ee        0x2 
 .text.check_fs
                0x0800e7f0       0xac ./Middlewares/Third_Party/FatFs/src/ff.o
 .text.find_volume
                0x0800e89c      0x4a0 ./Middlewares/Third_Party/FatFs/src/ff.o
 .text.validate
                0x0800ed3c       0x6a ./Middlewares/Third_Party/FatFs/src/ff.o
 *fill*         0x0800eda6        0x2 
 .text.f_mount  0x0800eda8       0x8c ./Middlewares/Third_Party/FatFs/src/ff.o
                0x0800eda8                f_mount
 .text.f_open   0x0800ee34      0x374 ./Middlewares/Third_Party/FatFs/src/ff.o
                0x0800ee34                f_open
 .text.f_read   0x0800f1a8      0x27e ./Middlewares/Third_Party/FatFs/src/ff.o
                0x0800f1a8                f_read
 .text.f_sync   0x0800f426       0xfc ./Middlewares/Third_Party/FatFs/src/ff.o
                0x0800f426                f_sync
 .text.f_close  0x0800f522       0x54 ./Middlewares/Third_Party/FatFs/src/ff.o
                0x0800f522                f_close
 .text.f_lseek  0x0800f576      0x412 ./Middlewares/Third_Party/FatFs/src/ff.o
                0x0800f576                f_lseek
 .text.f_opendir
                0x0800f988       0xe6 ./Middlewares/Third_Party/FatFs/src/ff.o
                0x0800f988                f_opendir
 .text.f_closedir
                0x0800fa6e       0x4c ./Middlewares/Third_Party/FatFs/src/ff.o
                0x0800fa6e                f_closedir
 .text.f_readdir
                0x0800faba       0x7a ./Middlewares/Third_Party/FatFs/src/ff.o
                0x0800faba                f_readdir
 .text.FATFS_LinkDriverEx
                0x0800fb34       0x98 ./Middlewares/Third_Party/FatFs/src/ff_gen_drv.o
                0x0800fb34                FATFS_LinkDriverEx
 .text.FATFS_LinkDriver
                0x0800fbcc       0x1e ./Middlewares/Third_Party/FatFs/src/ff_gen_drv.o
                0x0800fbcc                FATFS_LinkDriver
 *fill*         0x0800fbea        0x2 
 .text.ff_convert
                0x0800fbec       0x78 ./Middlewares/Third_Party/FatFs/src/option/ccsbcs.o
                0x0800fbec                ff_convert
 .text.ff_wtoupper
                0x0800fc64      0x114 ./Middlewares/Third_Party/FatFs/src/option/ccsbcs.o
                0x0800fc64                ff_wtoupper
 .text.MX_USB_HOST_Init
                0x0800fd78       0x4c ./USB_HOST/App/usb_host.o
                0x0800fd78                MX_USB_HOST_Init
 .text.MX_USB_HOST_Process
                0x0800fdc4       0x14 ./USB_HOST/App/usb_host.o
                0x0800fdc4                MX_USB_HOST_Process
 .text.USBH_UserProcess
                0x0800fdd8       0x5c ./USB_HOST/App/usb_host.o
 .text.HAL_HCD_MspInit
                0x0800fe34       0xc4 ./USB_HOST/Target/usbh_conf.o
                0x0800fe34                HAL_HCD_MspInit
 .text.HAL_HCD_SOF_Callback
                0x0800fef8       0x1c ./USB_HOST/Target/usbh_conf.o
                0x0800fef8                HAL_HCD_SOF_Callback
 .text.HAL_HCD_Connect_Callback
                0x0800ff14       0x1c ./USB_HOST/Target/usbh_conf.o
                0x0800ff14                HAL_HCD_Connect_Callback
 .text.HAL_HCD_Disconnect_Callback
                0x0800ff30       0x1c ./USB_HOST/Target/usbh_conf.o
                0x0800ff30                HAL_HCD_Disconnect_Callback
 .text.HAL_HCD_HC_NotifyURBChange_Callback
                0x0800ff4c       0x1c ./USB_HOST/Target/usbh_conf.o
                0x0800ff4c                HAL_HCD_HC_NotifyURBChange_Callback
 .text.HAL_HCD_PortEnabled_Callback
                0x0800ff68       0x1c ./USB_HOST/Target/usbh_conf.o
                0x0800ff68                HAL_HCD_PortEnabled_Callback
 .text.HAL_HCD_PortDisabled_Callback
                0x0800ff84       0x1c ./USB_HOST/Target/usbh_conf.o
                0x0800ff84                HAL_HCD_PortDisabled_Callback
 .text.USBH_LL_Init
                0x0800ffa0       0x78 ./USB_HOST/Target/usbh_conf.o
                0x0800ffa0                USBH_LL_Init
 .text.USBH_LL_Start
                0x08010018       0x36 ./USB_HOST/Target/usbh_conf.o
                0x08010018                USBH_LL_Start
 .text.USBH_LL_Stop
                0x0801004e       0x36 ./USB_HOST/Target/usbh_conf.o
                0x0801004e                USBH_LL_Stop
 .text.USBH_LL_GetSpeed
                0x08010084       0x4e ./USB_HOST/Target/usbh_conf.o
                0x08010084                USBH_LL_GetSpeed
 .text.USBH_LL_ResetPort
                0x080100d2       0x36 ./USB_HOST/Target/usbh_conf.o
                0x080100d2                USBH_LL_ResetPort
 .text.USBH_LL_GetLastXferSize
                0x08010108       0x26 ./USB_HOST/Target/usbh_conf.o
                0x08010108                USBH_LL_GetLastXferSize
 .text.USBH_LL_OpenPipe
                0x0801012e       0x5e ./USB_HOST/Target/usbh_conf.o
                0x0801012e                USBH_LL_OpenPipe
 .text.USBH_LL_ClosePipe
                0x0801018c       0x3e ./USB_HOST/Target/usbh_conf.o
                0x0801018c                USBH_LL_ClosePipe
 .text.USBH_LL_SubmitURB
                0x080101ca       0x62 ./USB_HOST/Target/usbh_conf.o
                0x080101ca                USBH_LL_SubmitURB
 .text.USBH_LL_GetURBState
                0x0801022c       0x26 ./USB_HOST/Target/usbh_conf.o
                0x0801022c                USBH_LL_GetURBState
 .text.USBH_LL_DriverVBUS
                0x08010252       0x2e ./USB_HOST/Target/usbh_conf.o
                0x08010252                USBH_LL_DriverVBUS
 .text.USBH_LL_SetToggle
                0x08010280       0x66 ./USB_HOST/Target/usbh_conf.o
                0x08010280                USBH_LL_SetToggle
 .text.USBH_LL_GetToggle
                0x080102e6       0x66 ./USB_HOST/Target/usbh_conf.o
                0x080102e6                USBH_LL_GetToggle
 .text.USBH_Delay
                0x0801034c       0x16 ./USB_HOST/Target/usbh_conf.o
                0x0801034c                USBH_Delay
 *fill*         0x08010362        0x2 
 .text.USBH_Get_USB_Status
                0x08010364       0x58 ./USB_HOST/Target/usbh_conf.o
                0x08010364                USBH_Get_USB_Status
 .text.MX_DriverVbusFS
                0x080103bc       0x38 ./USB_HOST/Target/usbh_platform.o
                0x080103bc                MX_DriverVbusFS
 .text.malloc   0x080103f4       0x10 D:/STM32CubeIDE_1.16.1/STM32CubeIDE/plugins/com.st.stm32cube.ide.mcu.externaltools.gnu-tools-for-stm32.12.3.rel1.win32_1.1.0.202410251130/tools/bin/../lib/gcc/arm-none-eabi/12.3.1/../../../../arm-none-eabi/lib/thumb/v7e-m+fp/hard\libc_nano.a(libc_a-malloc.o)
                0x080103f4                malloc
 .text.free     0x08010404       0x10 D:/STM32CubeIDE_1.16.1/STM32CubeIDE/plugins/com.st.stm32cube.ide.mcu.externaltools.gnu-tools-for-stm32.12.3.rel1.win32_1.1.0.202410251130/tools/bin/../lib/gcc/arm-none-eabi/12.3.1/../../../../arm-none-eabi/lib/thumb/v7e-m+fp/hard\libc_nano.a(libc_a-malloc.o)
                0x08010404                free
 .text.sbrk_aligned
                0x08010414       0x44 D:/STM32CubeIDE_1.16.1/STM32CubeIDE/plugins/com.st.stm32cube.ide.mcu.externaltools.gnu-tools-for-stm32.12.3.rel1.win32_1.1.0.202410251130/tools/bin/../lib/gcc/arm-none-eabi/12.3.1/../../../../arm-none-eabi/lib/thumb/v7e-m+fp/hard\libc_nano.a(libc_a-mallocr.o)
 .text._malloc_r
                0x08010458      0x100 D:/STM32CubeIDE_1.16.1/STM32CubeIDE/plugins/com.st.stm32cube.ide.mcu.externaltools.gnu-tools-for-stm32.12.3.rel1.win32_1.1.0.202410251130/tools/bin/../lib/gcc/arm-none-eabi/12.3.1/../../../../arm-none-eabi/lib/thumb/v7e-m+fp/hard\libc_nano.a(libc_a-mallocr.o)
                0x08010458                _malloc_r
 .text.__malloc_lock
                0x08010558        0xc D:/STM32CubeIDE_1.16.1/STM32CubeIDE/plugins/com.st.stm32cube.ide.mcu.externaltools.gnu-tools-for-stm32.12.3.rel1.win32_1.1.0.202410251130/tools/bin/../lib/gcc/arm-none-eabi/12.3.1/../../../../arm-none-eabi/lib/thumb/v7e-m+fp/hard\libc_nano.a(libc_a-mlock.o)
                0x08010558                __malloc_lock
 .text.__malloc_unlock
                0x08010564        0xc D:/STM32CubeIDE_1.16.1/STM32CubeIDE/plugins/com.st.stm32cube.ide.mcu.externaltools.gnu-tools-for-stm32.12.3.rel1.win32_1.1.0.202410251130/tools/bin/../lib/gcc/arm-none-eabi/12.3.1/../../../../arm-none-eabi/lib/thumb/v7e-m+fp/hard\libc_nano.a(libc_a-mlock.o)
                0x08010564                __malloc_unlock
 .text.memset   0x08010570       0x10 D:/STM32CubeIDE_1.16.1/STM32CubeIDE/plugins/com.st.stm32cube.ide.mcu.externaltools.gnu-tools-for-stm32.12.3.rel1.win32_1.1.0.202410251130/tools/bin/../lib/gcc/arm-none-eabi/12.3.1/../../../../arm-none-eabi/lib/thumb/v7e-m+fp/hard\libc_nano.a(libc_a-memset.o)
                0x08010570                memset
 .text.strncpy  0x08010580       0x26 D:/STM32CubeIDE_1.16.1/STM32CubeIDE/plugins/com.st.stm32cube.ide.mcu.externaltools.gnu-tools-for-stm32.12.3.rel1.win32_1.1.0.202410251130/tools/bin/../lib/gcc/arm-none-eabi/12.3.1/../../../../arm-none-eabi/lib/thumb/v7e-m+fp/hard\libc_nano.a(libc_a-strncpy.o)
                0x08010580                strncpy
 .text.strstr   0x080105a6       0x2c D:/STM32CubeIDE_1.16.1/STM32CubeIDE/plugins/com.st.stm32cube.ide.mcu.externaltools.gnu-tools-for-stm32.12.3.rel1.win32_1.1.0.202410251130/tools/bin/../lib/gcc/arm-none-eabi/12.3.1/../../../../arm-none-eabi/lib/thumb/v7e-m+fp/hard\libc_nano.a(libc_a-strstr.o)
                0x080105a6                strstr
 *fill*         0x080105d2        0x2 
 .text._sbrk_r  0x080105d4       0x20 D:/STM32CubeIDE_1.16.1/STM32CubeIDE/plugins/com.st.stm32cube.ide.mcu.externaltools.gnu-tools-for-stm32.12.3.rel1.win32_1.1.0.202410251130/tools/bin/../lib/gcc/arm-none-eabi/12.3.1/../../../../arm-none-eabi/lib/thumb/v7e-m+fp/hard\libc_nano.a(libc_a-sbrkr.o)
                0x080105d4                _sbrk_r
 .text.__errno  0x080105f4        0xc D:/STM32CubeIDE_1.16.1/STM32CubeIDE/plugins/com.st.stm32cube.ide.mcu.externaltools.gnu-tools-for-stm32.12.3.rel1.win32_1.1.0.202410251130/tools/bin/../lib/gcc/arm-none-eabi/12.3.1/../../../../arm-none-eabi/lib/thumb/v7e-m+fp/hard\libc_nano.a(libc_a-errno.o)
                0x080105f4                __errno
 .text.__libc_init_array
                0x08010600       0x48 D:/STM32CubeIDE_1.16.1/STM32CubeIDE/plugins/com.st.stm32cube.ide.mcu.externaltools.gnu-tools-for-stm32.12.3.rel1.win32_1.1.0.202410251130/tools/bin/../lib/gcc/arm-none-eabi/12.3.1/../../../../arm-none-eabi/lib/thumb/v7e-m+fp/hard\libc_nano.a(libc_a-init.o)
                0x08010600                __libc_init_array
 .text.__retarget_lock_acquire_recursive
                0x08010648        0x2 D:/STM32CubeIDE_1.16.1/STM32CubeIDE/plugins/com.st.stm32cube.ide.mcu.externaltools.gnu-tools-for-stm32.12.3.rel1.win32_1.1.0.202410251130/tools/bin/../lib/gcc/arm-none-eabi/12.3.1/../../../../arm-none-eabi/lib/thumb/v7e-m+fp/hard\libc_nano.a(libc_a-lock.o)
                0x08010648                __retarget_lock_acquire_recursive
 .text.__retarget_lock_release_recursive
                0x0801064a        0x2 D:/STM32CubeIDE_1.16.1/STM32CubeIDE/plugins/com.st.stm32cube.ide.mcu.externaltools.gnu-tools-for-stm32.12.3.rel1.win32_1.1.0.202410251130/tools/bin/../lib/gcc/arm-none-eabi/12.3.1/../../../../arm-none-eabi/lib/thumb/v7e-m+fp/hard\libc_nano.a(libc_a-lock.o)
                0x0801064a                __retarget_lock_release_recursive
 .text.memcpy   0x0801064c       0x1c D:/STM32CubeIDE_1.16.1/STM32CubeIDE/plugins/com.st.stm32cube.ide.mcu.externaltools.gnu-tools-for-stm32.12.3.rel1.win32_1.1.0.202410251130/tools/bin/../lib/gcc/arm-none-eabi/12.3.1/../../../../arm-none-eabi/lib/thumb/v7e-m+fp/hard\libc_nano.a(libc_a-memcpy-stub.o)
                0x0801064c                memcpy
 .text._free_r  0x08010668       0x94 D:/STM32CubeIDE_1.16.1/STM32CubeIDE/plugins/com.st.stm32cube.ide.mcu.externaltools.gnu-tools-for-stm32.12.3.rel1.win32_1.1.0.202410251130/tools/bin/../lib/gcc/arm-none-eabi/12.3.1/../../../../arm-none-eabi/lib/thumb/v7e-m+fp/hard\libc_nano.a(libc_a-freer.o)
                0x08010668                _free_r
 *(.glue_7)
 .glue_7        0x080106fc        0x0 linker stubs
 *(.glue_7t)
 .glue_7t       0x080106fc        0x0 linker stubs
 *(.eh_frame)
 .eh_frame      0x080106fc        0x0 D:/STM32CubeIDE_1.16.1/STM32CubeIDE/plugins/com.st.stm32cube.ide.mcu.externaltools.gnu-tools-for-stm32.12.3.rel1.win32_1.1.0.202410251130/tools/bin/../lib/gcc/arm-none-eabi/12.3.1/thumb/v7e-m+fp/hard/crtbegin.o
 *(.init)
 .init          0x080106fc        0x4 D:/STM32CubeIDE_1.16.1/STM32CubeIDE/plugins/com.st.stm32cube.ide.mcu.externaltools.gnu-tools-for-stm32.12.3.rel1.win32_1.1.0.202410251130/tools/bin/../lib/gcc/arm-none-eabi/12.3.1/thumb/v7e-m+fp/hard/crti.o
                0x080106fc                _init
 .init          0x08010700        0x8 D:/STM32CubeIDE_1.16.1/STM32CubeIDE/plugins/com.st.stm32cube.ide.mcu.externaltools.gnu-tools-for-stm32.12.3.rel1.win32_1.1.0.202410251130/tools/bin/../lib/gcc/arm-none-eabi/12.3.1/thumb/v7e-m+fp/hard/crtn.o
 *(.fini)
 .fini          0x08010708        0x4 D:/STM32CubeIDE_1.16.1/STM32CubeIDE/plugins/com.st.stm32cube.ide.mcu.externaltools.gnu-tools-for-stm32.12.3.rel1.win32_1.1.0.202410251130/tools/bin/../lib/gcc/arm-none-eabi/12.3.1/thumb/v7e-m+fp/hard/crti.o
                0x08010708                _fini
 .fini          0x0801070c        0x8 D:/STM32CubeIDE_1.16.1/STM32CubeIDE/plugins/com.st.stm32cube.ide.mcu.externaltools.gnu-tools-for-stm32.12.3.rel1.win32_1.1.0.202410251130/tools/bin/../lib/gcc/arm-none-eabi/12.3.1/thumb/v7e-m+fp/hard/crtn.o
                0x08010714                        . = ALIGN (0x4)
                0x08010714                        _etext = .

.vfp11_veneer   0x08010714        0x0
 .vfp11_veneer  0x08010714        0x0 linker stubs

.v4_bx          0x08010714        0x0
 .v4_bx         0x08010714        0x0 linker stubs

.iplt           0x08010714        0x0
 .iplt          0x08010714        0x0 D:/STM32CubeIDE_1.16.1/STM32CubeIDE/plugins/com.st.stm32cube.ide.mcu.externaltools.gnu-tools-for-stm32.12.3.rel1.win32_1.1.0.202410251130/tools/bin/../lib/gcc/arm-none-eabi/12.3.1/thumb/v7e-m+fp/hard/crtbegin.o

.rodata         0x08010714      0x528
                0x08010714                        . = ALIGN (0x4)
 *(.rodata)
 .rodata        0x08010714        0x8 ./Core/Src/File_Handling.o
 .rodata        0x0801071c        0x4 ./Middlewares/ST/STM32_USB_Host_Library/Class/MSC/Src/usbh_msc.o
 .rodata        0x08010720       0x48 ./Middlewares/Third_Party/FatFs/src/ff.o
 *(.rodata*)
 .rodata.I2SFreq
                0x08010768       0x20 ./Core/Src/AUDIO.o
                0x08010768                I2SFreq
 .rodata.I2SPLLN
                0x08010788       0x20 ./Core/Src/AUDIO.o
                0x08010788                I2SPLLN
 .rodata.I2SPLLR
                0x080107a8       0x20 ./Core/Src/AUDIO.o
                0x080107a8                I2SPLLR
 .rodata.AHBPrescTable
                0x080107c8       0x10 ./Core/Src/system_stm32f4xx.o
                0x080107c8                AHBPrescTable
 .rodata.APBPrescTable
                0x080107d8        0x8 ./Core/Src/system_stm32f4xx.o
                0x080107d8                APBPrescTable
 .rodata.flagBitshiftOffset.0
                0x080107e0        0x8 ./Drivers/STM32F4xx_HAL_Driver/Src/stm32f4xx_hal_dma.o
 .rodata.USBH_Driver
                0x080107e8       0x14 ./FATFS/Target/usbh_diskio.o
                0x080107e8                USBH_Driver
 .rodata.ExCvt  0x080107fc       0x80 ./Middlewares/Third_Party/FatFs/src/ff.o
 .rodata.LfnOfs
                0x0801087c        0xd ./Middlewares/Third_Party/FatFs/src/ff.o
 *fill*         0x08010889        0x3 
 .rodata.Tbl    0x0801088c      0x100 ./Middlewares/Third_Party/FatFs/src/option/ccsbcs.o
 .rodata.cvt1.1
                0x0801098c      0x1f2 ./Middlewares/Third_Party/FatFs/src/option/ccsbcs.o
 *fill*         0x08010b7e        0x2 
 .rodata.cvt2.0
                0x08010b80       0xbc ./Middlewares/Third_Party/FatFs/src/option/ccsbcs.o
                0x08010c3c                        . = ALIGN (0x4)

.ARM.extab      0x08010c3c        0x0
                0x08010c3c                        . = ALIGN (0x4)
 *(.ARM.extab* .gnu.linkonce.armextab.*)
                0x08010c3c                        . = ALIGN (0x4)

.ARM            0x08010c3c        0x8
                0x08010c3c                        . = ALIGN (0x4)
                0x08010c3c                        __exidx_start = .
 *(.ARM.exidx*)
 .ARM.exidx     0x08010c3c        0x8 D:/STM32CubeIDE_1.16.1/STM32CubeIDE/plugins/com.st.stm32cube.ide.mcu.externaltools.gnu-tools-for-stm32.12.3.rel1.win32_1.1.0.202410251130/tools/bin/../lib/gcc/arm-none-eabi/12.3.1/thumb/v7e-m+fp/hard\libgcc.a(_udivmoddi4.o)
                0x08010c44                        __exidx_end = .
                0x08010c44                        . = ALIGN (0x4)

.preinit_array  0x08010c44        0x0
                0x08010c44                        . = ALIGN (0x4)
                0x08010c44                        PROVIDE (__preinit_array_start = .)
 *(.preinit_array*)
                0x08010c44                        PROVIDE (__preinit_array_end = .)
                0x08010c44                        . = ALIGN (0x4)

.init_array     0x08010c44        0x4
                0x08010c44                        . = ALIGN (0x4)
                0x08010c44                        PROVIDE (__init_array_start = .)
 *(SORT_BY_NAME(.init_array.*))
 *(.init_array*)
 .init_array    0x08010c44        0x4 D:/STM32CubeIDE_1.16.1/STM32CubeIDE/plugins/com.st.stm32cube.ide.mcu.externaltools.gnu-tools-for-stm32.12.3.rel1.win32_1.1.0.202410251130/tools/bin/../lib/gcc/arm-none-eabi/12.3.1/thumb/v7e-m+fp/hard/crtbegin.o
                0x08010c48                        PROVIDE (__init_array_end = .)
                0x08010c48                        . = ALIGN (0x4)

.fini_array     0x08010c48        0x4
                0x08010c48                        . = ALIGN (0x4)
                [!provide]                        PROVIDE (__fini_array_start = .)
 *(SORT_BY_NAME(.fini_array.*))
 *(.fini_array*)
 .fini_array    0x08010c48        0x4 D:/STM32CubeIDE_1.16.1/STM32CubeIDE/plugins/com.st.stm32cube.ide.mcu.externaltools.gnu-tools-for-stm32.12.3.rel1.win32_1.1.0.202410251130/tools/bin/../lib/gcc/arm-none-eabi/12.3.1/thumb/v7e-m+fp/hard/crtbegin.o
                [!provide]                        PROVIDE (__fini_array_end = .)
                0x08010c4c                        . = ALIGN (0x4)
                0x08010c4c                        _sidata = LOADADDR (.data)

.rel.dyn        0x08010c4c        0x0
 .rel.iplt      0x08010c4c        0x0 D:/STM32CubeIDE_1.16.1/STM32CubeIDE/plugins/com.st.stm32cube.ide.mcu.externaltools.gnu-tools-for-stm32.12.3.rel1.win32_1.1.0.202410251130/tools/bin/../lib/gcc/arm-none-eabi/12.3.1/thumb/v7e-m+fp/hard/crtbegin.o

.data           0x20000000       0xb8 load address 0x08010c4c
                0x20000000                        . = ALIGN (0x4)
                0x20000000                        _sdata = .
 *(.data)
 *(.data*)
 .data.I2cxTimeout
                0x20000000        0x4 ./Core/Src/AUDIO_LINK.o
                0x20000000                I2cxTimeout
 .data.cs43l22_drv
                0x20000004       0x30 ./Core/Src/cs43l22.o
                0x20000004                cs43l22_drv
 .data.Is_cs43l22_Stop
                0x20000034        0x1 ./Core/Src/cs43l22.o
 *fill*         0x20000035        0x3 
 .data.SystemCoreClock
                0x20000038        0x4 ./Core/Src/system_stm32f4xx.o
                0x20000038                SystemCoreClock
 .data.uwVolume
                0x2000003c        0x4 ./Core/Src/waveplayer.o
 .data.uwTickPrio
                0x20000040        0x4 ./Drivers/STM32F4xx_HAL_Driver/Src/stm32f4xx_hal.o
                0x20000040                uwTickPrio
 .data.uwTickFreq
                0x20000044        0x1 ./Drivers/STM32F4xx_HAL_Driver/Src/stm32f4xx_hal.o
                0x20000044                uwTickFreq
 *fill*         0x20000045        0x3 
 .data.USBH_msc
                0x20000048       0x20 ./Middlewares/ST/STM32_USB_Host_Library/Class/MSC/Src/usbh_msc.o
                0x20000048                USBH_msc
 .data._impure_ptr
                0x20000068        0x4 D:/STM32CubeIDE_1.16.1/STM32CubeIDE/plugins/com.st.stm32cube.ide.mcu.externaltools.gnu-tools-for-stm32.12.3.rel1.win32_1.1.0.202410251130/tools/bin/../lib/gcc/arm-none-eabi/12.3.1/../../../../arm-none-eabi/lib/thumb/v7e-m+fp/hard\libc_nano.a(libc_a-impure.o)
                0x20000068                _impure_ptr
 .data._impure_data
                0x2000006c       0x4c D:/STM32CubeIDE_1.16.1/STM32CubeIDE/plugins/com.st.stm32cube.ide.mcu.externaltools.gnu-tools-for-stm32.12.3.rel1.win32_1.1.0.202410251130/tools/bin/../lib/gcc/arm-none-eabi/12.3.1/../../../../arm-none-eabi/lib/thumb/v7e-m+fp/hard\libc_nano.a(libc_a-impure.o)
                0x2000006c                _impure_data
 *(.RamFunc)
 *(.RamFunc*)
                0x200000b8                        . = ALIGN (0x4)
                0x200000b8                        _edata = .
                0x08010d04                        _siccmram = LOADADDR (.ccmram)

.igot.plt       0x200000b8        0x0 load address 0x08010d04
 .igot.plt      0x200000b8        0x0 D:/STM32CubeIDE_1.16.1/STM32CubeIDE/plugins/com.st.stm32cube.ide.mcu.externaltools.gnu-tools-for-stm32.12.3.rel1.win32_1.1.0.202410251130/tools/bin/../lib/gcc/arm-none-eabi/12.3.1/thumb/v7e-m+fp/hard/crtbegin.o

.ccmram         0x10000000        0x0 load address 0x08010d04
                0x10000000                        . = ALIGN (0x4)
                0x10000000                        _sccmram = .
 *(.ccmram)
 *(.ccmram*)
                0x10000000                        . = ALIGN (0x4)
                0x10000000                        _eccmram = .
                0x10000000                        . = ALIGN (0x4)

.bss            0x200000b8     0x25e4
                0x200000b8                        _sbss = .
                0x200000b8                        __bss_start__ = _sbss
 *(.bss)
 .bss           0x200000b8       0x1c D:/STM32CubeIDE_1.16.1/STM32CubeIDE/plugins/com.st.stm32cube.ide.mcu.externaltools.gnu-tools-for-stm32.12.3.rel1.win32_1.1.0.202410251130/tools/bin/../lib/gcc/arm-none-eabi/12.3.1/thumb/v7e-m+fp/hard/crtbegin.o
 *(.bss*)
 .bss.pAudioDrv
                0x200000d4        0x4 ./Core/Src/AUDIO.o
 .bss.hAudioOutI2s
                0x200000d8       0x48 ./Core/Src/AUDIO.o
                0x200000d8                hAudioOutI2s
 .bss.hdma_i2sTx.0
                0x20000120       0x60 ./Core/Src/AUDIO.o
 .bss.I2cHandle
                0x20000180       0x54 ./Core/Src/AUDIO_LINK.o
 .bss.fresult   0x200001d4        0x1 ./Core/Src/File_Handling.o
                0x200001d4                fresult
 *fill*         0x200001d5        0x1 
 .bss.NumObs    0x200001d6        0x2 ./Core/Src/File_Handling.o
                0x200001d6                NumObs
 .bss.OutputDev
                0x200001d8        0x1 ./Core/Src/cs43l22.o
                0x200001d8                OutputDev
 *fill*         0x200001d9        0x3 
 .bss.hi2c1     0x200001dc       0x54 ./Core/Src/main.o
                0x200001dc                hi2c1
 .bss.hi2s3     0x20000230       0x48 ./Core/Src/main.o
                0x20000230                hi2s3
 .bss.hdma_spi3_tx
                0x20000278       0x60 ./Core/Src/main.o
                0x20000278                hdma_spi3_tx
 .bss.IsFinished
                0x200002d8        0x4 ./Core/Src/main.o
                0x200002d8                IsFinished
 .bss.__sbrk_heap_end
                0x200002dc        0x4 ./Core/Src/sysmem.o
 .bss.BufferCtl
                0x200002e0     0x1008 ./Core/Src/waveplayer.o
 .bss.AudioState
                0x200012e8        0x1 ./Core/Src/waveplayer.o
                0x200012e8                AudioState
 *fill*         0x200012e9        0x1 
 .bss.FilePos   0x200012ea        0x2 ./Core/Src/waveplayer.o
 .bss.FileList  0x200012ec      0x3da ./Core/Src/waveplayer.o
                0x200012ec                FileList
 *fill*         0x200016c6        0x2 
 .bss.WaveFormat
                0x200016c8       0x2c ./Core/Src/waveplayer.o
                0x200016c8                WaveFormat
 .bss.WavFile   0x200016f4      0x230 ./Core/Src/waveplayer.o
                0x200016f4                WavFile
 .bss.uwTick    0x20001924        0x4 ./Drivers/STM32F4xx_HAL_Driver/Src/stm32f4xx_hal.o
                0x20001924                uwTick
 .bss.retUSBH   0x20001928        0x1 ./FATFS/App/fatfs.o
                0x20001928                retUSBH
 *fill*         0x20001929        0x3 
 .bss.USBHPath  0x2000192c        0x4 ./FATFS/App/fatfs.o
                0x2000192c                USBHPath
 .bss.USBHFatFS
                0x20001930      0x234 ./FATFS/App/fatfs.o
                0x20001930                USBHFatFS
 .bss.FatFs     0x20001b64        0x4 ./Middlewares/Third_Party/FatFs/src/ff.o
 .bss.Fsid      0x20001b68        0x2 ./Middlewares/Third_Party/FatFs/src/ff.o
 *fill*         0x20001b6a        0x2 
 .bss.Files     0x20001b6c       0x20 ./Middlewares/Third_Party/FatFs/src/ff.o
 .bss.LfnBuf    0x20001b8c      0x200 ./Middlewares/Third_Party/FatFs/src/ff.o
 .bss.disk      0x20001d8c        0xc ./Middlewares/Third_Party/FatFs/src/ff_gen_drv.o
                0x20001d8c                disk
 .bss.hUsbHostFS
                0x20001d98      0x3d8 ./USB_HOST/App/usb_host.o
                0x20001d98                hUsbHostFS
 .bss.Appli_state
                0x20002170        0x1 ./USB_HOST/App/usb_host.o
                0x20002170                Appli_state
 *fill*         0x20002171        0x3 
 .bss.hhcd_USB_OTG_FS
                0x20002174      0x3e0 ./USB_HOST/Target/usbh_conf.o
                0x20002174                hhcd_USB_OTG_FS
 .bss.__malloc_sbrk_start
                0x20002554        0x4 D:/STM32CubeIDE_1.16.1/STM32CubeIDE/plugins/com.st.stm32cube.ide.mcu.externaltools.gnu-tools-for-stm32.12.3.rel1.win32_1.1.0.202410251130/tools/bin/../lib/gcc/arm-none-eabi/12.3.1/../../../../arm-none-eabi/lib/thumb/v7e-m+fp/hard\libc_nano.a(libc_a-mallocr.o)
                0x20002554                __malloc_sbrk_start
 .bss.__malloc_free_list
                0x20002558        0x4 D:/STM32CubeIDE_1.16.1/STM32CubeIDE/plugins/com.st.stm32cube.ide.mcu.externaltools.gnu-tools-for-stm32.12.3.rel1.win32_1.1.0.202410251130/tools/bin/../lib/gcc/arm-none-eabi/12.3.1/../../../../arm-none-eabi/lib/thumb/v7e-m+fp/hard\libc_nano.a(libc_a-mallocr.o)
                0x20002558                __malloc_free_list
 .bss.__sf      0x2000255c      0x138 D:/STM32CubeIDE_1.16.1/STM32CubeIDE/plugins/com.st.stm32cube.ide.mcu.externaltools.gnu-tools-for-stm32.12.3.rel1.win32_1.1.0.202410251130/tools/bin/../lib/gcc/arm-none-eabi/12.3.1/../../../../arm-none-eabi/lib/thumb/v7e-m+fp/hard\libc_nano.a(libc_a-findfp.o)
                0x2000255c                __sf
 .bss.errno     0x20002694        0x4 D:/STM32CubeIDE_1.16.1/STM32CubeIDE/plugins/com.st.stm32cube.ide.mcu.externaltools.gnu-tools-for-stm32.12.3.rel1.win32_1.1.0.202410251130/tools/bin/../lib/gcc/arm-none-eabi/12.3.1/../../../../arm-none-eabi/lib/thumb/v7e-m+fp/hard\libc_nano.a(libc_a-reent.o)
                0x20002694                errno
 .bss.__lock___malloc_recursive_mutex
                0x20002698        0x1 D:/STM32CubeIDE_1.16.1/STM32CubeIDE/plugins/com.st.stm32cube.ide.mcu.externaltools.gnu-tools-for-stm32.12.3.rel1.win32_1.1.0.202410251130/tools/bin/../lib/gcc/arm-none-eabi/12.3.1/../../../../arm-none-eabi/lib/thumb/v7e-m+fp/hard\libc_nano.a(libc_a-lock.o)
                0x20002698                __lock___malloc_recursive_mutex
 *(COMMON)
                0x2000269c                        . = ALIGN (0x4)
 *fill*         0x20002699        0x3 
                0x2000269c                        _ebss = .
                0x2000269c                        __bss_end__ = _ebss

._user_heap_stack
                0x2000269c      0x604
                0x200026a0                        . = ALIGN (0x8)
 *fill*         0x2000269c        0x4 
                [!provide]                        PROVIDE (end = .)
                0x200026a0                        PROVIDE (_end = .)
                0x200028a0                        . = (. + _Min_Heap_Size)
 *fill*         0x200026a0      0x200 
                0x20002ca0                        . = (. + _Min_Stack_Size)
 *fill*         0x200028a0      0x400 
                0x20002ca0                        . = ALIGN (0x8)

/DISCARD/
 libc.a(*)
 libm.a(*)
 libgcc.a(*)

.ARM.attributes
                0x00000000       0x30
 *(.ARM.attributes)
 .ARM.attributes
                0x00000000       0x22 D:/STM32CubeIDE_1.16.1/STM32CubeIDE/plugins/com.st.stm32cube.ide.mcu.externaltools.gnu-tools-for-stm32.12.3.rel1.win32_1.1.0.202410251130/tools/bin/../lib/gcc/arm-none-eabi/12.3.1/thumb/v7e-m+fp/hard/crti.o
 .ARM.attributes
                0x00000022       0x34 D:/STM32CubeIDE_1.16.1/STM32CubeIDE/plugins/com.st.stm32cube.ide.mcu.externaltools.gnu-tools-for-stm32.12.3.rel1.win32_1.1.0.202410251130/tools/bin/../lib/gcc/arm-none-eabi/12.3.1/thumb/v7e-m+fp/hard/crtbegin.o
 .ARM.attributes
                0x00000056       0x34 ./Core/Src/AUDIO.o
 .ARM.attributes
                0x0000008a       0x34 ./Core/Src/AUDIO_LINK.o
 .ARM.attributes
                0x000000be       0x34 ./Core/Src/File_Handling.o
 .ARM.attributes
                0x000000f2       0x34 ./Core/Src/cs43l22.o
 .ARM.attributes
                0x00000126       0x34 ./Core/Src/main.o
 .ARM.attributes
                0x0000015a       0x34 ./Core/Src/stm32f4xx_hal_msp.o
 .ARM.attributes
                0x0000018e       0x34 ./Core/Src/stm32f4xx_it.o
 .ARM.attributes
                0x000001c2       0x34 ./Core/Src/sysmem.o
 .ARM.attributes
                0x000001f6       0x34 ./Core/Src/system_stm32f4xx.o
 .ARM.attributes
                0x0000022a       0x34 ./Core/Src/waveplayer.o
 .ARM.attributes
                0x0000025e       0x21 ./Core/Startup/startup_stm32f407vgtx.o
 .ARM.attributes
                0x0000027f       0x34 ./Drivers/STM32F4xx_HAL_Driver/Src/stm32f4xx_hal.o
 .ARM.attributes
                0x000002b3       0x34 ./Drivers/STM32F4xx_HAL_Driver/Src/stm32f4xx_hal_cortex.o
 .ARM.attributes
                0x000002e7       0x34 ./Drivers/STM32F4xx_HAL_Driver/Src/stm32f4xx_hal_dma.o
 .ARM.attributes
                0x0000031b       0x34 ./Drivers/STM32F4xx_HAL_Driver/Src/stm32f4xx_hal_gpio.o
 .ARM.attributes
                0x0000034f       0x34 ./Drivers/STM32F4xx_HAL_Driver/Src/stm32f4xx_hal_hcd.o
 .ARM.attributes
                0x00000383       0x34 ./Drivers/STM32F4xx_HAL_Driver/Src/stm32f4xx_hal_i2c.o
 .ARM.attributes
                0x000003b7       0x34 ./Drivers/STM32F4xx_HAL_Driver/Src/stm32f4xx_hal_i2s.o
 .ARM.attributes
                0x000003eb       0x34 ./Drivers/STM32F4xx_HAL_Driver/Src/stm32f4xx_hal_i2s_ex.o
 .ARM.attributes
                0x0000041f       0x34 ./Drivers/STM32F4xx_HAL_Driver/Src/stm32f4xx_hal_rcc.o
 .ARM.attributes
                0x00000453       0x34 ./Drivers/STM32F4xx_HAL_Driver/Src/stm32f4xx_hal_rcc_ex.o
 .ARM.attributes
                0x00000487       0x34 ./Drivers/STM32F4xx_HAL_Driver/Src/stm32f4xx_ll_usb.o
 .ARM.attributes
                0x000004bb       0x34 ./FATFS/App/fatfs.o
 .ARM.attributes
                0x000004ef       0x34 ./FATFS/Target/usbh_diskio.o
 .ARM.attributes
                0x00000523       0x34 ./Middlewares/ST/STM32_USB_Host_Library/Class/MSC/Src/usbh_msc.o
 .ARM.attributes
                0x00000557       0x34 ./Middlewares/ST/STM32_USB_Host_Library/Class/MSC/Src/usbh_msc_bot.o
 .ARM.attributes
                0x0000058b       0x34 ./Middlewares/ST/STM32_USB_Host_Library/Class/MSC/Src/usbh_msc_scsi.o
 .ARM.attributes
                0x000005bf       0x34 ./Middlewares/ST/STM32_USB_Host_Library/Core/Src/usbh_core.o
 .ARM.attributes
                0x000005f3       0x34 ./Middlewares/ST/STM32_USB_Host_Library/Core/Src/usbh_ctlreq.o
 .ARM.attributes
                0x00000627       0x34 ./Middlewares/ST/STM32_USB_Host_Library/Core/Src/usbh_ioreq.o
 .ARM.attributes
                0x0000065b       0x34 ./Middlewares/ST/STM32_USB_Host_Library/Core/Src/usbh_pipes.o
 .ARM.attributes
                0x0000068f       0x34 ./Middlewares/Third_Party/FatFs/src/diskio.o
 .ARM.attributes
                0x000006c3       0x34 ./Middlewares/Third_Party/FatFs/src/ff.o
 .ARM.attributes
                0x000006f7       0x34 ./Middlewares/Third_Party/FatFs/src/ff_gen_drv.o
 .ARM.attributes
                0x0000072b       0x34 ./Middlewares/Third_Party/FatFs/src/option/ccsbcs.o
 .ARM.attributes
                0x0000075f       0x34 ./USB_HOST/App/usb_host.o
 .ARM.attributes
                0x00000793       0x34 ./USB_HOST/Target/usbh_conf.o
 .ARM.attributes
                0x000007c7       0x34 ./USB_HOST/Target/usbh_platform.o
 .ARM.attributes
                0x000007fb       0x34 D:/STM32CubeIDE_1.16.1/STM32CubeIDE/plugins/com.st.stm32cube.ide.mcu.externaltools.gnu-tools-for-stm32.12.3.rel1.win32_1.1.0.202410251130/tools/bin/../lib/gcc/arm-none-eabi/12.3.1/../../../../arm-none-eabi/lib/thumb/v7e-m+fp/hard\libc_nano.a(libc_a-malloc.o)
 .ARM.attributes
                0x0000082f       0x34 D:/STM32CubeIDE_1.16.1/STM32CubeIDE/plugins/com.st.stm32cube.ide.mcu.externaltools.gnu-tools-for-stm32.12.3.rel1.win32_1.1.0.202410251130/tools/bin/../lib/gcc/arm-none-eabi/12.3.1/../../../../arm-none-eabi/lib/thumb/v7e-m+fp/hard\libc_nano.a(libc_a-mallocr.o)
 .ARM.attributes
                0x00000863       0x34 D:/STM32CubeIDE_1.16.1/STM32CubeIDE/plugins/com.st.stm32cube.ide.mcu.externaltools.gnu-tools-for-stm32.12.3.rel1.win32_1.1.0.202410251130/tools/bin/../lib/gcc/arm-none-eabi/12.3.1/../../../../arm-none-eabi/lib/thumb/v7e-m+fp/hard\libc_nano.a(libc_a-mlock.o)
 .ARM.attributes
                0x00000897       0x34 D:/STM32CubeIDE_1.16.1/STM32CubeIDE/plugins/com.st.stm32cube.ide.mcu.externaltools.gnu-tools-for-stm32.12.3.rel1.win32_1.1.0.202410251130/tools/bin/../lib/gcc/arm-none-eabi/12.3.1/../../../../arm-none-eabi/lib/thumb/v7e-m+fp/hard\libc_nano.a(libc_a-findfp.o)
 .ARM.attributes
                0x000008cb       0x34 D:/STM32CubeIDE_1.16.1/STM32CubeIDE/plugins/com.st.stm32cube.ide.mcu.externaltools.gnu-tools-for-stm32.12.3.rel1.win32_1.1.0.202410251130/tools/bin/../lib/gcc/arm-none-eabi/12.3.1/../../../../arm-none-eabi/lib/thumb/v7e-m+fp/hard\libc_nano.a(libc_a-memset.o)
 .ARM.attributes
                0x000008ff       0x34 D:/STM32CubeIDE_1.16.1/STM32CubeIDE/plugins/com.st.stm32cube.ide.mcu.externaltools.gnu-tools-for-stm32.12.3.rel1.win32_1.1.0.202410251130/tools/bin/../lib/gcc/arm-none-eabi/12.3.1/../../../../arm-none-eabi/lib/thumb/v7e-m+fp/hard\libc_nano.a(libc_a-strncpy.o)
 .ARM.attributes
                0x00000933       0x34 D:/STM32CubeIDE_1.16.1/STM32CubeIDE/plugins/com.st.stm32cube.ide.mcu.externaltools.gnu-tools-for-stm32.12.3.rel1.win32_1.1.0.202410251130/tools/bin/../lib/gcc/arm-none-eabi/12.3.1/../../../../arm-none-eabi/lib/thumb/v7e-m+fp/hard\libc_nano.a(libc_a-strstr.o)
 .ARM.attributes
                0x00000967       0x34 D:/STM32CubeIDE_1.16.1/STM32CubeIDE/plugins/com.st.stm32cube.ide.mcu.externaltools.gnu-tools-for-stm32.12.3.rel1.win32_1.1.0.202410251130/tools/bin/../lib/gcc/arm-none-eabi/12.3.1/../../../../arm-none-eabi/lib/thumb/v7e-m+fp/hard\libc_nano.a(libc_a-reent.o)
 .ARM.attributes
                0x0000099b       0x34 D:/STM32CubeIDE_1.16.1/STM32CubeIDE/plugins/com.st.stm32cube.ide.mcu.externaltools.gnu-tools-for-stm32.12.3.rel1.win32_1.1.0.202410251130/tools/bin/../lib/gcc/arm-none-eabi/12.3.1/../../../../arm-none-eabi/lib/thumb/v7e-m+fp/hard\libc_nano.a(libc_a-impure.o)
 .ARM.attributes
                0x000009cf       0x34 D:/STM32CubeIDE_1.16.1/STM32CubeIDE/plugins/com.st.stm32cube.ide.mcu.externaltools.gnu-tools-for-stm32.12.3.rel1.win32_1.1.0.202410251130/tools/bin/../lib/gcc/arm-none-eabi/12.3.1/../../../../arm-none-eabi/lib/thumb/v7e-m+fp/hard\libc_nano.a(libc_a-sbrkr.o)
 .ARM.attributes
                0x00000a03       0x34 D:/STM32CubeIDE_1.16.1/STM32CubeIDE/plugins/com.st.stm32cube.ide.mcu.externaltools.gnu-tools-for-stm32.12.3.rel1.win32_1.1.0.202410251130/tools/bin/../lib/gcc/arm-none-eabi/12.3.1/../../../../arm-none-eabi/lib/thumb/v7e-m+fp/hard\libc_nano.a(libc_a-errno.o)
 .ARM.attributes
                0x00000a37       0x34 D:/STM32CubeIDE_1.16.1/STM32CubeIDE/plugins/com.st.stm32cube.ide.mcu.externaltools.gnu-tools-for-stm32.12.3.rel1.win32_1.1.0.202410251130/tools/bin/../lib/gcc/arm-none-eabi/12.3.1/../../../../arm-none-eabi/lib/thumb/v7e-m+fp/hard\libc_nano.a(libc_a-init.o)
 .ARM.attributes
                0x00000a6b       0x34 D:/STM32CubeIDE_1.16.1/STM32CubeIDE/plugins/com.st.stm32cube.ide.mcu.externaltools.gnu-tools-for-stm32.12.3.rel1.win32_1.1.0.202410251130/tools/bin/../lib/gcc/arm-none-eabi/12.3.1/../../../../arm-none-eabi/lib/thumb/v7e-m+fp/hard\libc_nano.a(libc_a-lock.o)
 .ARM.attributes
                0x00000a9f       0x34 D:/STM32CubeIDE_1.16.1/STM32CubeIDE/plugins/com.st.stm32cube.ide.mcu.externaltools.gnu-tools-for-stm32.12.3.rel1.win32_1.1.0.202410251130/tools/bin/../lib/gcc/arm-none-eabi/12.3.1/../../../../arm-none-eabi/lib/thumb/v7e-m+fp/hard\libc_nano.a(libc_a-memcpy-stub.o)
 .ARM.attributes
                0x00000ad3       0x34 D:/STM32CubeIDE_1.16.1/STM32CubeIDE/plugins/com.st.stm32cube.ide.mcu.externaltools.gnu-tools-for-stm32.12.3.rel1.win32_1.1.0.202410251130/tools/bin/../lib/gcc/arm-none-eabi/12.3.1/../../../../arm-none-eabi/lib/thumb/v7e-m+fp/hard\libc_nano.a(libc_a-freer.o)
 .ARM.attributes
                0x00000b07       0x22 D:/STM32CubeIDE_1.16.1/STM32CubeIDE/plugins/com.st.stm32cube.ide.mcu.externaltools.gnu-tools-for-stm32.12.3.rel1.win32_1.1.0.202410251130/tools/bin/../lib/gcc/arm-none-eabi/12.3.1/thumb/v7e-m+fp/hard\libgcc.a(_aeabi_uldivmod.o)
 .ARM.attributes