#-----------------------------------------------------------
# Vivado v2024.1 (64-bit)
# SW Build 5076996 on Wed May 22 18:37:14 MDT 2024
# IP Build 5075265 on Wed May 22 21:45:21 MDT 2024
# SharedData Build 5076995 on Wed May 22 18:29:18 MDT 2024
# Start of session at: Wed Jan 15 22:36:41 2025
# Process ID: 3380
# Current directory: C:/Users/gabri/OneDrive/Documentos/GitHub/G23SED/FPGA/GLOBAL_V1/ESTRUCTURAL_3/DISPLAY.runs/impl_1
# Command line: vivado.exe -log YAHTZEE.vdi -applog -product Vivado -messageDb vivado.pb -mode batch -source YAHTZEE.tcl -notrace
# Log file: C:/Users/gabri/OneDrive/Documentos/GitHub/G23SED/FPGA/GLOBAL_V1/ESTRUCTURAL_3/DISPLAY.runs/impl_1/YAHTZEE.vdi
# Journal file: C:/Users/gabri/OneDrive/Documentos/GitHub/G23SED/FPGA/GLOBAL_V1/ESTRUCTURAL_3/DISPLAY.runs/impl_1\vivado.jou
# Running On        :LAPTOP-I6E0CIJ5
# Platform          :Windows Server 2016 or Windows 10
# Operating System  :19045
# Processor Detail  :Intel(R) Core(TM) i5-7300HQ CPU @ 2.50GHz
# CPU Frequency     :2496 MHz
# CPU Physical cores:4
# CPU Logical cores :4
# Host memory       :8467 MB
# Swap memory       :2366 MB
# Total Virtual     :10833 MB
# Available Virtual :2260 MB
#-----------------------------------------------------------
source YAHTZEE.tcl -notrace
