Copyright 1986-2022 Xilinx, Inc. All Rights Reserved. Copyright 2022-2024 Advanced Micro Devices, Inc. All Rights Reserved.
---------------------------------------------------------------------------------------------------------------------------------------------
| Tool Version : Vivado v.2024.1 (win64) Build 5076996 Wed May 22 18:37:14 MDT 2024
| Date         : Wed Jan 15 18:41:28 2025
| Host         : DESKTOP-J6QLH0T running 64-bit major release  (build 9200)
| Command      : report_control_sets -verbose -file YAHTZEE_control_sets_placed.rpt
| Design       : YAHTZEE
| Device       : xc7a100t
---------------------------------------------------------------------------------------------------------------------------------------------

Control Set Information

Table of Contents
-----------------
1. Summary
2. Histogram
3. Flip-Flop Distribution
4. Detailed Control Set Information

1. Summary
----------

+----------------------------------------------------------+-------+
|                          Status                          | Count |
+----------------------------------------------------------+-------+
| Total control sets                                       |    18 |
|    Minimum number of control sets                        |    18 |
|    Addition due to synthesis replication                 |     0 |
|    Addition due to physical synthesis replication        |     0 |
| Unused register locations in slices containing registers |    67 |
+----------------------------------------------------------+-------+
* Control sets can be merged at opt_design using control_set_merge or merge_equivalent_drivers
** Run report_qor_suggestions for automated merging and remapping suggestions


2. Histogram
------------

+--------------------+-------+
|       Fanout       | Count |
+--------------------+-------+
| Total control sets |    18 |
| >= 0 to < 4        |     2 |
| >= 4 to < 6        |     3 |
| >= 6 to < 8        |     2 |
| >= 8 to < 10       |     0 |
| >= 10 to < 12      |     2 |
| >= 12 to < 14      |     0 |
| >= 14 to < 16      |     1 |
| >= 16              |     8 |
+--------------------+-------+
* Control sets can be remapped at either synth_design or opt_design


3. Flip-Flop Distribution
-------------------------

+--------------+-----------------------+------------------------+-----------------+--------------+
| Clock Enable | Synchronous Set/Reset | Asynchronous Set/Reset | Total Registers | Total Slices |
+--------------+-----------------------+------------------------+-----------------+--------------+
| No           | No                    | No                     |             176 |           76 |
| No           | No                    | Yes                    |             109 |           54 |
| No           | Yes                   | No                     |              24 |            6 |
| Yes          | No                    | No                     |              37 |           15 |
| Yes          | No                    | Yes                    |               0 |            0 |
| Yes          | Yes                   | No                     |              11 |            3 |
+--------------+-----------------------+------------------------+-----------------+--------------+


4. Detailed Control Set Information
-----------------------------------

+-----------------------------+---------------------------+----------------------------------------------+------------------+----------------+--------------+
|         Clock Signal        |       Enable Signal       |               Set/Reset Signal               | Slice Load Count | Bel Load Count | Bels / Slice |
+-----------------------------+---------------------------+----------------------------------------------+------------------+----------------+--------------+
|  clk_IBUF_BUFG              |                           | puntuaciones2/instancia_caso_turnos/reset_pt |                1 |              1 |         1.00 |
|  clk_IBUF_BUFG              |                           | puntuaciones1/instancia_caso_turnos/reset_pt |                1 |              1 |         1.00 |
|  clk_IBUF_BUFG              | down/U2/E[0]              |                                              |                3 |              4 |         1.33 |
|  clk_IBUF_BUFG              | fsm/letras0               |                                              |                3 |              5 |         1.67 |
|  clk_IBUF_BUFG              | fsm/tirar_dados0          |                                              |                2 |              5 |         2.50 |
|  clk_IBUF_BUFG              | puntuaciones2n_1_890_BUFG |                                              |                2 |              6 |         3.00 |
|  clk_IBUF_BUFG              | n_0_1036_BUFG             |                                              |                2 |              6 |         3.00 |
|  display/HZ1/CLK_TEMP_reg_0 | fsm/E[0]                  |                                              |                3 |             11 |         3.67 |
|  clk_IBUF_BUFG              | fsm/primer_enter0         | fsm/primer_enter[12]_i_1_n_1                 |                3 |             11 |         3.67 |
|  display/HZ1/CLK_TEMP_reg_0 |                           | fsm/intermitente                             |               11 |             15 |         1.36 |
|  clk_IBUF_BUFG              |                           | fsm/FSM_onehot_etapa[13]_i_2_n_1             |                8 |             18 |         2.25 |
|  reset_turnos_BUFG          |                           |                                              |                7 |             20 |         2.86 |
|  clk_IBUF_BUFG              |                           | display/HZ1/CONTADOR0                        |                6 |             24 |         4.00 |
|  puntuaciones2n_1_890_BUFG  |                           |                                              |               12 |             27 |         2.25 |
|  n_0_1036_BUFG              |                           |                                              |               12 |             27 |         2.25 |
|  clk_IBUF_BUFG              |                           | reset_turnos_BUFG                            |               11 |             30 |         2.73 |
|  clk_IBUF_BUFG              |                           | reset_IBUF                                   |               22 |             44 |         2.00 |
|  clk_IBUF_BUFG              |                           |                                              |               45 |            105 |         2.33 |
+-----------------------------+---------------------------+----------------------------------------------+------------------+----------------+--------------+


